<html>
<body>
<pre>
<h1>µVision Build Log</h1>
<h2>Tool Versions:</h2>
IDE-Version: ¦ÌVision V5.34.0.0
Copyright (C) 2021 ARM Ltd and ARM Germany GmbH. All rights reserved.
License Information: 12312 12, 12, LIC=IK1BF-6E82K-74CS0-BESH0-0CQL9-CDJGA
 
Tool Versions:
Toolchain:       MDK-ARM Plus  Version: 5.34.0.0
Toolchain Path:  D:\applications\keil\ARM\ARMCC\Bin
C Compiler:      Armcc.exe V5.06 update 7 (build 960)
Assembler:       Armasm.exe V5.06 update 7 (build 960)
Linker/Locator:  ArmLink.exe V5.06 update 7 (build 960)
Library Manager: ArmAr.exe V5.06 update 7 (build 960)
Hex Converter:   FromElf.exe V5.06 update 7 (build 960)
CPU DLL:         SARMCM3.DLL V5.34.0.0
Dialog DLL:      DCM.DLL V1.17.3.0
Target DLL:      STLink\ST-LINKIII-KEIL_SWO.dll V3.0.8.0
Dialog DLL:      TCM.DLL V1.48.0.0
 
<h2>Project:</h2>
D:\code\STM32\HDC1080\MDK-ARM\HDC1080.uvprojx
Project File Date:  10/29/2021

<h2>Output:</h2>
*** Using Compiler 'V5.06 update 7 (build 960)', folder: 'D:\applications\keil\ARM\ARMCC\Bin'
Build target 'HDC1080'
compiling HDC1080.c...
../Middlewares/ST/STM32_USB_Device_Library/Core/Inc/usbd_def.h(295): warning:  #47-D: incompatible redefinition of macro "__ALIGN_END"  (declared at line 132 of "../Drivers/STM32L1xx_HAL_Driver/Inc/stm32l1xx_hal_def.h")
    #define __ALIGN_END    __attribute__ ((aligned (4)))
../Middlewares/ST/STM32_USB_Device_Library/Core/Inc/usbd_def.h(296): warning:  #47-D: incompatible redefinition of macro "__ALIGN_BEGIN"  (declared at line 136 of "../Drivers/STM32L1xx_HAL_Driver/Inc/stm32l1xx_hal_def.h")
    #define __ALIGN_BEGIN
..\Sensor\HDC1080.c: 2 warnings, 0 errors
linking...
Program Size: Code=30312 RO-data=504 RW-data=392 ZI-data=6608  
FromELF: creating hex file...
"HDC1080\HDC1080.axf" - 0 Error(s), 2 Warning(s).

<h2>Software Packages used:</h2>

Package Vendor: ARM
                http://www.keil.com/pack/ARM.CMSIS.5.7.0.pack
                ARM.CMSIS.5.7.0
                CMSIS (Cortex Microcontroller Software Interface Standard)
   * Component: CORE Version: 5.4.0

Package Vendor: Keil
                http://www.keil.com/pack/Keil.STM32L1xx_DFP.1.3.0.pack
                Keil.STM32L1xx_DFP.1.3.0
                STMicroelectronics STM32L1 Series Device Support and Examples

<h2>Collection of Component include folders:</h2>
  .\RTE\_HDC1080
  C:\Users\navi\AppData\Local\Arm\Packs\ARM\CMSIS\5.7.0\CMSIS\Core\Include
  C:\Users\navi\AppData\Local\Arm\Packs\Keil\STM32L1xx_DFP\1.3.0\Drivers\CMSIS\Device\ST\STM32L1xx\Include

<h2>Collection of Component Files used:</h2>

   * Component: ARM::CMSIS:CORE:5.4.0
      Include file:  CMSIS\Core\Include\tz_context.h
Build Time Elapsed:  00:00:01
</pre>
</body>
</html>
