Component: ARM Compiler 5.06 update 7 (build 960) Tool: armlink [4d3601]

==============================================================================

Section Cross References

    startup_stm32l151xc.o(RESET) refers to startup_stm32l151xc.o(STACK) for __initial_sp
    startup_stm32l151xc.o(RESET) refers to startup_stm32l151xc.o(.text) for Reset_Handler
    startup_stm32l151xc.o(RESET) refers to stm32l1xx_it.o(i.NMI_Handler) for NMI_Handler
    startup_stm32l151xc.o(RESET) refers to stm32l1xx_it.o(i.HardFault_Handler) for HardFault_Handler
    startup_stm32l151xc.o(RESET) refers to stm32l1xx_it.o(i.MemManage_Handler) for MemManage_Handler
    startup_stm32l151xc.o(RESET) refers to stm32l1xx_it.o(i.BusFault_Handler) for BusFault_Handler
    startup_stm32l151xc.o(RESET) refers to stm32l1xx_it.o(i.UsageFault_Handler) for UsageFault_Handler
    startup_stm32l151xc.o(RESET) refers to stm32l1xx_it.o(i.SVC_Handler) for SVC_Handler
    startup_stm32l151xc.o(RESET) refers to stm32l1xx_it.o(i.DebugMon_Handler) for DebugMon_Handler
    startup_stm32l151xc.o(RESET) refers to stm32l1xx_it.o(i.PendSV_Handler) for PendSV_Handler
    startup_stm32l151xc.o(RESET) refers to stm32l1xx_it.o(i.SysTick_Handler) for SysTick_Handler
    startup_stm32l151xc.o(RESET) refers to stm32l1xx_it.o(i.USB_LP_IRQHandler) for USB_LP_IRQHandler
    startup_stm32l151xc.o(.text) refers to system_stm32l1xx.o(i.SystemInit) for SystemInit
    startup_stm32l151xc.o(.text) refers to entry.o(.ARM.Collect$$$$00000000) for __main
    main.o(i.SystemClock_Config) refers to memseta.o(.text) for __aeabi_memclr4
    main.o(i.SystemClock_Config) refers to stm32l1xx_hal_rcc.o(i.HAL_RCC_OscConfig) for HAL_RCC_OscConfig
    main.o(i.SystemClock_Config) refers to main.o(i.Error_Handler) for Error_Handler
    main.o(i.SystemClock_Config) refers to stm32l1xx_hal_rcc.o(i.HAL_RCC_ClockConfig) for HAL_RCC_ClockConfig
    main.o(i.main) refers to stm32l1xx_hal.o(i.HAL_Init) for HAL_Init
    main.o(i.main) refers to main.o(i.SystemClock_Config) for SystemClock_Config
    main.o(i.main) refers to gpio.o(i.MX_GPIO_Init) for MX_GPIO_Init
    main.o(i.main) refers to usb_device.o(i.MX_USB_DEVICE_Init) for MX_USB_DEVICE_Init
    main.o(i.main) refers to i2c.o(i.MX_I2C1_Init) for MX_I2C1_Init
    main.o(i.main) refers to hdc1080.o(i.hdc1080_init) for hdc1080_init
    main.o(i.main) refers to stm32l1xx_hal.o(i.HAL_Delay) for HAL_Delay
    main.o(i.main) refers to hdc1080.o(i.hdc1080_read_manufacturer_id) for hdc1080_read_manufacturer_id
    main.o(i.main) refers to hdc1080.o(i.hdc1080_read_temperature) for hdc1080_read_temperature
    main.o(i.main) refers to usbd_cdc_if.o(i.usb_printf) for usb_printf
    i2c.o(i.HAL_I2C_MspDeInit) refers to stm32l1xx_hal_gpio.o(i.HAL_GPIO_DeInit) for HAL_GPIO_DeInit
    i2c.o(i.HAL_I2C_MspInit) refers to memseta.o(.text) for __aeabi_memclr4
    i2c.o(i.HAL_I2C_MspInit) refers to stm32l1xx_hal_gpio.o(i.HAL_GPIO_Init) for HAL_GPIO_Init
    i2c.o(i.MX_I2C1_Init) refers to stm32l1xx_hal_i2c.o(i.HAL_I2C_Init) for HAL_I2C_Init
    i2c.o(i.MX_I2C1_Init) refers to main.o(i.Error_Handler) for Error_Handler
    i2c.o(i.MX_I2C1_Init) refers to i2c.o(.bss) for hi2c1
    stm32l1xx_it.o(i.SysTick_Handler) refers to stm32l1xx_hal.o(i.HAL_IncTick) for HAL_IncTick
    stm32l1xx_it.o(i.USB_LP_IRQHandler) refers to stm32l1xx_hal_pcd.o(i.HAL_PCD_IRQHandler) for HAL_PCD_IRQHandler
    stm32l1xx_it.o(i.USB_LP_IRQHandler) refers to usbd_conf.o(.bss) for hpcd_USB_FS
    usb_device.o(i.MX_USB_DEVICE_Init) refers to usbd_core.o(i.USBD_Init) for USBD_Init
    usb_device.o(i.MX_USB_DEVICE_Init) refers to main.o(i.Error_Handler) for Error_Handler
    usb_device.o(i.MX_USB_DEVICE_Init) refers to usbd_core.o(i.USBD_RegisterClass) for USBD_RegisterClass
    usb_device.o(i.MX_USB_DEVICE_Init) refers to usbd_cdc.o(i.USBD_CDC_RegisterInterface) for USBD_CDC_RegisterInterface
    usb_device.o(i.MX_USB_DEVICE_Init) refers to usbd_core.o(i.USBD_Start) for USBD_Start
    usb_device.o(i.MX_USB_DEVICE_Init) refers to usbd_desc.o(.data) for FS_Desc
    usb_device.o(i.MX_USB_DEVICE_Init) refers to usb_device.o(.bss) for hUsbDeviceFS
    usb_device.o(i.MX_USB_DEVICE_Init) refers to usbd_cdc.o(.data) for USBD_CDC
    usb_device.o(i.MX_USB_DEVICE_Init) refers to usbd_cdc_if.o(.data) for USBD_Interface_fops_FS
    usbd_desc.o(i.Get_SerialNum) refers to usbd_desc.o(i.IntToUnicode) for IntToUnicode
    usbd_desc.o(i.Get_SerialNum) refers to usbd_desc.o(.data) for USBD_StringSerial
    usbd_desc.o(i.USBD_FS_ConfigStrDescriptor) refers to usbd_ctlreq.o(i.USBD_GetString) for USBD_GetString
    usbd_desc.o(i.USBD_FS_ConfigStrDescriptor) refers to usbd_desc.o(.bss) for USBD_StrDesc
    usbd_desc.o(i.USBD_FS_DeviceDescriptor) refers to usbd_desc.o(.data) for USBD_FS_DeviceDesc
    usbd_desc.o(i.USBD_FS_InterfaceStrDescriptor) refers to usbd_ctlreq.o(i.USBD_GetString) for USBD_GetString
    usbd_desc.o(i.USBD_FS_InterfaceStrDescriptor) refers to usbd_desc.o(.bss) for USBD_StrDesc
[...]
    .text                                    0x080001c2   Section        0  memcpya.o(.text)
    .text                                    0x080001e6   Section        0  memseta.o(.text)
    .text                                    0x0800020a   Section        0  dadd.o(.text)
    .text                                    0x08000358   Section        0  dmul.o(.text)
    .text                                    0x0800043c   Section        0  ddiv.o(.text)
    .text                                    0x0800051a   Section        0  dfltui.o(.text)
    .text                                    0x08000534   Section        0  uidiv.o(.text)
    .text                                    0x08000560   Section        0  llshl.o(.text)
    .text                                    0x0800057e   Section        0  llushr.o(.text)
    .text                                    0x0800059e   Section        0  llsshr.o(.text)
    .text                                    0x080005c2   Section        0  iusefp.o(.text)
    .text                                    0x080005c2   Section        0  depilogue.o(.text)
    .text                                    0x0800067c   Section        0  dscalb.o(.text)
    .text                                    0x080006aa   Section        0  dflti.o(.text)
    .text                                    0x080006cc   Section        0  dfixul.o(.text)
    .text                                    0x080006fc   Section       48  cdrcmple.o(.text)
    .text                                    0x0800072c   Section       36  init.o(.text)
    .text                                    0x08000750   Section        0  dsqrt.o(.text)
    .text                                    0x080007f2   Section        0  __dczerorl2.o(.text)
    i.BusFault_Handler                       0x08000848   Section        0  stm32l1xx_it.o(i.BusFault_Handler)
    i.CDC_Control_FS                         0x0800084c   Section        0  usbd_cdc_if.o(i.CDC_Control_FS)
    CDC_Control_FS                           0x0800084d   Thumb Code    68  usbd_cdc_if.o(i.CDC_Control_FS)
    i.CDC_DeInit_FS                          0x08000890   Section        0  usbd_cdc_if.o(i.CDC_DeInit_FS)
    CDC_DeInit_FS                            0x08000891   Thumb Code     4  usbd_cdc_if.o(i.CDC_DeInit_FS)
    i.CDC_Init_FS                            0x08000894   Section        0  usbd_cdc_if.o(i.CDC_Init_FS)
    CDC_Init_FS                              0x08000895   Thumb Code    24  usbd_cdc_if.o(i.CDC_Init_FS)
    i.CDC_Receive_FS                         0x080008b8   Section        0  usbd_cdc_if.o(i.CDC_Receive_FS)
    CDC_Receive_FS                           0x080008b9   Thumb Code    24  usbd_cdc_if.o(i.CDC_Receive_FS)
    i.CDC_Transmit_FS                        0x080008d4   Section        0  usbd_cdc_if.o(i.CDC_Transmit_FS)
    i.DebugMon_Handler                       0x0800090c   Section        0  stm32l1xx_it.o(i.DebugMon_Handler)
    i.Error_Handler                          0x0800090e   Section        0  main.o(i.Error_Handler)
    i.Get_SerialNum                          0x08000914   Section        0  usbd_desc.o(i.Get_SerialNum)
    Get_SerialNum                            0x08000915   Thumb Code    48  usbd_desc.o(i.Get_SerialNum)
    i.HAL_Delay                              0x0800094c   Section        0  stm32l1xx_hal.o(i.HAL_Delay)
    i.HAL_GPIO_Init                          0x08000974   Section        0  stm32l1xx_hal_gpio.o(i.HAL_GPIO_Init)
    i.HAL_GetTick                            0x08000b38   Section        0  stm32l1xx_hal.o(i.HAL_GetTick)
    i.HAL_I2C_Init                           0x08000b44   Section        0  stm32l1xx_hal_i2c.o(i.HAL_I2C_Init)
    i.HAL_I2C_Master_Receive                 0x08000d14   Section        0  stm32l1xx_hal_i2c.o(i.HAL_I2C_Master_Receive)
    i.HAL_I2C_Mem_Read                       0x0800100c   Section        0  stm32l1xx_hal_i2c.o(i.HAL_I2C_Mem_Read)
    i.HAL_I2C_Mem_Write                      0x08001300   Section        0  stm32l1xx_hal_i2c.o(i.HAL_I2C_Mem_Write)
    i.HAL_I2C_MspInit                        0x08001464   Section        0  i2c.o(i.HAL_I2C_MspInit)
    i.HAL_IncTick                            0x080014e4   Section        0  stm32l1xx_hal.o(i.HAL_IncTick)
    i.HAL_Init                               0x080014fc   Section        0  stm32l1xx_hal.o(i.HAL_Init)
    i.HAL_InitTick                           0x0800151c   Section        0  stm32l1xx_hal.o(i.HAL_InitTick)
    i.HAL_MspInit                            0x08001574   Section        0  stm32l1xx_hal_msp.o(i.HAL_MspInit)
    i.HAL_NVIC_EnableIRQ                     0x080015d0   Section        0  stm32l1xx_hal_cortex.o(i.HAL_NVIC_EnableIRQ)
    i.HAL_NVIC_SetPriority                   0x080015f0   Section        0  stm32l1xx_hal_cortex.o(i.HAL_NVIC_SetPriority)
    i.HAL_NVIC_SetPriorityGrouping           0x0800166c   Section        0  stm32l1xx_hal_cortex.o(i.HAL_NVIC_SetPriorityGrouping)
    i.HAL_PCDEx_PMAConfig                    0x08001694   Section        0  stm32l1xx_hal_pcd_ex.o(i.HAL_PCDEx_PMAConfig)
    i.HAL_PCDEx_SetConnectionState           0x080016d8   Section        0  usbd_conf.o(i.HAL_PCDEx_SetConnectionState)
    i.HAL_PCD_DataInStageCallback            0x080016fc   Section        0  usbd_conf.o(i.HAL_PCD_DataInStageCallback)
    i.HAL_PCD_DataOutStageCallback           0x0800171c   Section        0  usbd_conf.o(i.HAL_PCD_DataOutStageCallback)
    i.HAL_PCD_EP_Close                       0x0800173c   Section        0  stm32l1xx_hal_pcd.o(i.HAL_PCD_EP_Close)
    i.HAL_PCD_EP_ClrStall                    0x080017a6   Section        0  stm32l1xx_hal_pcd.o(i.HAL_PCD_EP_ClrStall)
    i.HAL_PCD_EP_DB_Receive                  0x08001822   Section        0  stm32l1xx_hal_pcd.o(i.HAL_PCD_EP_DB_Receive)
    HAL_PCD_EP_DB_Receive                    0x08001823   Thumb Code   344  stm32l1xx_hal_pcd.o(i.HAL_PCD_EP_DB_Receive)
    i.HAL_PCD_EP_DB_Transmit                 0x0800197a   Section        0  stm32l1xx_hal_pcd.o(i.HAL_PCD_EP_DB_Transmit)
    HAL_PCD_EP_DB_Transmit                   0x0800197b   Thumb Code  1320  stm32l1xx_hal_pcd.o(i.HAL_PCD_EP_DB_Transmit)
    i.HAL_PCD_EP_GetRxCount                  0x08001ea2   Section        0  stm32l1xx_hal_pcd.o(i.HAL_PCD_EP_GetRxCount)
    i.HAL_PCD_EP_Open                        0x08001eb8   Section        0  stm32l1xx_hal_pcd.o(i.HAL_PCD_EP_Open)
    i.HAL_PCD_EP_Receive                     0x08001f44   Section        0  stm32l1xx_hal_pcd.o(i.HAL_PCD_EP_Receive)
    i.HAL_PCD_EP_SetStall                    0x08001f90   Section        0  stm32l1xx_hal_pcd.o(i.HAL_PCD_EP_SetStall)
    i.HAL_PCD_EP_Transmit                    0x08002008   Section        0  stm32l1xx_hal_pcd.o(i.HAL_PCD_EP_Transmit)
    i.HAL_PCD_IRQHandler                     0x0800205e   Section        0  stm32l1xx_hal_pcd.o(i.HAL_PCD_IRQHandler)
    i.HAL_PCD_Init                           0x080021cc   Section        0  stm32l1xx_hal_pcd.o(i.HAL_PCD_Init)
    i.HAL_PCD_MspInit                        0x080022ec   Section        0  usbd_conf.o(i.HAL_PCD_MspInit)
    i.HAL_PCD_ResetCallback                  0x08002330   Section        0  usbd_conf.o(i.HAL_PCD_ResetCallback)
    i.HAL_PCD_ResumeCallback                 0x08002354   Section        0  usbd_conf.o(i.HAL_PCD_ResumeCallback)
    i.HAL_PCD_SOFCallback                    0x08002362   Section        0  usbd_conf.o(i.HAL_PCD_SOFCallback)
    i.HAL_PCD_SetAddress                     0x08002370   Section        0  stm32l1xx_hal_pcd.o(i.HAL_PCD_SetAddress)
    i.HAL_PCD_SetupStageCallback             0x080023a6   Section        0  usbd_conf.o(i.HAL_PCD_SetupStageCallback)
    i.HAL_PCD_Start                          0x080023b8   Section        0  stm32l1xx_hal_pcd.o(i.HAL_PCD_Start)
    i.HAL_PCD_SuspendCallback                0x080023f4   Section        0  usbd_conf.o(i.HAL_PCD_SuspendCallback)
    i.HAL_RCC_ClockConfig                    0x08002418   Section        0  stm32l1xx_hal_rcc.o(i.HAL_RCC_ClockConfig)
    i.HAL_RCC_GetHCLKFreq                    0x08002638   Section        0  stm32l1xx_hal_rcc.o(i.HAL_RCC_GetHCLKFreq)
    i.HAL_RCC_GetPCLK1Freq                   0x08002644   Section        0  stm32l1xx_hal_rcc.o(i.HAL_RCC_GetPCLK1Freq)
    i.HAL_RCC_GetSysClockFreq                0x08002664   Section        0  stm32l1xx_hal_rcc.o(i.HAL_RCC_GetSysClockFreq)
    i.HAL_RCC_OscConfig                      0x08002704   Section        0  stm32l1xx_hal_rcc.o(i.HAL_RCC_OscConfig)
    i.HAL_SYSTICK_Config                     0x08002cd4   Section        0  stm32l1xx_hal_cortex.o(i.HAL_SYSTICK_Config)
    i.HardFault_Handler                      0x08002d08   Section        0  stm32l1xx_it.o(i.HardFault_Handler)
    i.I2C_IsAcknowledgeFailed                0x08002d0c   Section        0  stm32l1xx_hal_i2c.o(i.I2C_IsAcknowledgeFailed)
    I2C_IsAcknowledgeFailed                  0x08002d0d   Thumb Code    62  stm32l1xx_hal_i2c.o(i.I2C_IsAcknowledgeFailed)
    i.I2C_MasterRequestRead                  0x08002d4c   Section        0  stm32l1xx_hal_i2c.o(i.I2C_MasterRequestRead)
    I2C_MasterRequestRead                    0x08002d4d   Thumb Code   308  stm32l1xx_hal_i2c.o(i.I2C_MasterRequestRead)
    i.I2C_RequestMemoryRead                  0x08002e84   Section        0  stm32l1xx_hal_i2c.o(i.I2C_RequestMemoryRead)
    I2C_RequestMemoryRead                    0x08002e85   Thumb Code   348  stm32l1xx_hal_i2c.o(i.I2C_RequestMemoryRead)
    i.I2C_RequestMemoryWrite                 0x08002fe4   Section        0  stm32l1xx_hal_i2c.o(i.I2C_RequestMemoryWrite)
    I2C_RequestMemoryWrite                   0x08002fe5   Thumb Code   220  stm32l1xx_hal_i2c.o(i.I2C_RequestMemoryWrite)
    i.I2C_WaitOnBTFFlagUntilTimeout          0x080030c4   Section        0  stm32l1xx_hal_i2c.o(i.I2C_WaitOnBTFFlagUntilTimeout)
    I2C_WaitOnBTFFlagUntilTimeout            0x080030c5   Thumb Code    92  stm32l1xx_hal_i2c.o(i.I2C_WaitOnBTFFlagUntilTimeout)
    i.I2C_WaitOnFlagUntilTimeout             0x08003120   Section        0  stm32l1xx_hal_i2c.o(i.I2C_WaitOnFlagUntilTimeout)
    I2C_WaitOnFlagUntilTimeout               0x08003121   Thumb Code   134  stm32l1xx_hal_i2c.o(i.I2C_WaitOnFlagUntilTimeout)
    i.I2C_WaitOnMasterAddressFlagUntilTimeout 0x080031a6   Section        0  stm32l1xx_hal_i2c.o(i.I2C_WaitOnMasterAddressFlagUntilTimeout)
    I2C_WaitOnMasterAddressFlagUntilTimeout  0x080031a7   Thumb Code   196  stm32l1xx_hal_i2c.o(i.I2C_WaitOnMasterAddressFlagUntilTimeout)
    i.I2C_WaitOnRXNEFlagUntilTimeout         0x0800326a   Section        0  stm32l1xx_hal_i2c.o(i.I2C_WaitOnRXNEFlagUntilTimeout)
    I2C_WaitOnRXNEFlagUntilTimeout           0x0800326b   Thumb Code   128  stm32l1xx_hal_i2c.o(i.I2C_WaitOnRXNEFlagUntilTimeout)
    i.I2C_WaitOnTXEFlagUntilTimeout          0x080032ea   Section        0  stm32l1xx_hal_i2c.o(i.I2C_WaitOnTXEFlagUntilTimeout)
    I2C_WaitOnTXEFlagUntilTimeout            0x080032eb   Thumb Code    92  stm32l1xx_hal_i2c.o(i.I2C_WaitOnTXEFlagUntilTimeout)
    i.IntToUnicode                           0x08003346   Section        0  usbd_desc.o(i.IntToUnicode)
    IntToUnicode                             0x08003347   Thumb Code    62  usbd_desc.o(i.IntToUnicode)
    i.MX_GPIO_Init                           0x08003384   Section        0  gpio.o(i.MX_GPIO_Init)
    i.MX_I2C1_Init                           0x080033f8   Section        0  i2c.o(i.MX_I2C1_Init)
    i.MX_USB_DEVICE_Init                     0x08003434   Section        0  usb_device.o(i.MX_USB_DEVICE_Init)
    i.MemManage_Handler                      0x08003480   Section        0  stm32l1xx_it.o(i.MemManage_Handler)
    i.NMI_Handler                            0x08003484   Section        0  stm32l1xx_it.o(i.NMI_Handler)
    i.PCD_EP_ISR_Handler                     0x08003488   Section        0  stm32l1xx_hal_pcd.o(i.PCD_EP_ISR_Handler)
    PCD_EP_ISR_Handler                       0x08003489   Thumb Code  1010  stm32l1xx_hal_pcd.o(i.PCD_EP_ISR_Handler)
    i.PendSV_Handler                         0x0800387a   Section        0  stm32l1xx_it.o(i.PendSV_Handler)
    i.RCC_SetFlashLatencyFromMSIRange        0x0800387c   Section        0  stm32l1xx_hal_rcc.o(i.RCC_SetFlashLatencyFromMSIRange)
    RCC_SetFlashLatencyFromMSIRange          0x0800387d   Thumb Code   156  stm32l1xx_hal_rcc.o(i.RCC_SetFlashLatencyFromMSIRange)
    i.SVC_Handler                            0x08003924   Section        0  stm32l1xx_it.o(i.SVC_Handler)
    i.SysTick_Handler                        0x08003926   Section        0  stm32l1xx_it.o(i.SysTick_Handler)
    i.SystemClock_Config                     0x08003930   Section        0  main.o(i.SystemClock_Config)
    i.SystemInit                             0x0800399c   Section        0  system_stm32l1xx.o(i.SystemInit)
    i.USBD_CDC_DataIn                        0x0800399e   Section        0  usbd_cdc.o(i.USBD_CDC_DataIn)
    USBD_CDC_DataIn                          0x0800399f   Thumb Code   124  usbd_cdc.o(i.USBD_CDC_DataIn)
    i.USBD_CDC_DataOut                       0x08003a1a   Section        0  usbd_cdc.o(i.USBD_CDC_DataOut)
    USBD_CDC_DataOut                         0x08003a1b   Thumb Code    52  usbd_cdc.o(i.USBD_CDC_DataOut)
    i.USBD_CDC_DeInit                        0x08003a4e   Section        0  usbd_cdc.o(i.USBD_CDC_DeInit)
    USBD_CDC_DeInit                          0x08003a4f   Thumb Code    78  usbd_cdc.o(i.USBD_CDC_DeInit)
    i.USBD_CDC_EP0_RxReady                   0x08003a9c   Section        0  usbd_cdc.o(i.USBD_CDC_EP0_RxReady)
    USBD_CDC_EP0_RxReady                     0x08003a9d   Thumb Code    50  usbd_cdc.o(i.USBD_CDC_EP0_RxReady)
    i.USBD_CDC_GetDeviceQualifierDescriptor  0x08003ad0   Section        0  usbd_cdc.o(i.USBD_CDC_GetDeviceQualifierDescriptor)
    i.USBD_CDC_GetFSCfgDesc                  0x08003ae0   Section        0  usbd_cdc.o(i.USBD_CDC_GetFSCfgDesc)
    USBD_CDC_GetFSCfgDesc                    0x08003ae1   Thumb Code    10  usbd_cdc.o(i.USBD_CDC_GetFSCfgDesc)
    i.USBD_CDC_GetHSCfgDesc                  0x08003af0   Section        0  usbd_cdc.o(i.USBD_CDC_GetHSCfgDesc)
    USBD_CDC_GetHSCfgDesc                    0x08003af1   Thumb Code    10  usbd_cdc.o(i.USBD_CDC_GetHSCfgDesc)
    i.USBD_CDC_GetOtherSpeedCfgDesc          0x08003b00   Section        0  usbd_cdc.o(i.USBD_CDC_GetOtherSpeedCfgDesc)
    USBD_CDC_GetOtherSpeedCfgDesc            0x08003b01   Thumb Code    10  usbd_cdc.o(i.USBD_CDC_GetOtherSpeedCfgDesc)
    i.USBD_CDC_Init                          0x08003b10   Section        0  usbd_cdc.o(i.USBD_CDC_Init)
    USBD_CDC_Init                            0x08003b11   Thumb Code   184  usbd_cdc.o(i.USBD_CDC_Init)
    i.USBD_CDC_ReceivePacket                 0x08003bc8   Section        0  usbd_cdc.o(i.USBD_CDC_ReceivePacket)
    i.USBD_CDC_RegisterInterface             0x08003c02   Section        0  usbd_cdc.o(i.USBD_CDC_RegisterInterface)
    i.USBD_CDC_SetRxBuffer                   0x08003c10   Section        0  usbd_cdc.o(i.USBD_CDC_SetRxBuffer)
    i.USBD_CDC_SetTxBuffer                   0x08003c1e   Section        0  usbd_cdc.o(i.USBD_CDC_SetTxBuffer)
    i.USBD_CDC_Setup                         0x08003c32   Section        0  usbd_cdc.o(i.USBD_CDC_Setup)
    USBD_CDC_Setup                           0x08003c33   Thumb Code   244  usbd_cdc.o(i.USBD_CDC_Setup)
    i.USBD_CDC_TransmitPacket                0x08003d26   Section        0  usbd_cdc.o(i.USBD_CDC_TransmitPacket)
    i.USBD_ClrClassConfig                    0x08003d64   Section        0  usbd_core.o(i.USBD_ClrClassConfig)
    i.USBD_ClrFeature                        0x08003d7a   Section        0  usbd_ctlreq.o(i.USBD_ClrFeature)
    USBD_ClrFeature                          0x08003d7b   Thumb Code    62  usbd_ctlreq.o(i.USBD_ClrFeature)
    i.USBD_CtlContinueRx                     0x08003db8   Section        0  usbd_ioreq.o(i.USBD_CtlContinueRx)
    i.USBD_CtlContinueSendData               0x08003dd0   Section        0  usbd_ioreq.o(i.USBD_CtlContinueSendData)
    i.USBD_CtlError                          0x08003de8   Section        0  usbd_ctlreq.o(i.USBD_CtlError)
    i.USBD_CtlPrepareRx                      0x08003e00   Section        0  usbd_ioreq.o(i.USBD_CtlPrepareRx)
    i.USBD_CtlReceiveStatus                  0x08003e28   Section        0  usbd_ioreq.o(i.USBD_CtlReceiveStatus)
    i.USBD_CtlSendData                       0x08003e42   Section        0  usbd_ioreq.o(i.USBD_CtlSendData)
    i.USBD_CtlSendStatus                     0x08003e64   Section        0  usbd_ioreq.o(i.USBD_CtlSendStatus)
    i.USBD_FS_ConfigStrDescriptor            0x08003e80   Section        0  usbd_desc.o(i.USBD_FS_ConfigStrDescriptor)
    i.USBD_FS_DeviceDescriptor               0x08003eb4   Section        0  usbd_desc.o(i.USBD_FS_DeviceDescriptor)
    i.USBD_FS_InterfaceStrDescriptor         0x08003ec4   Section        0  usbd_desc.o(i.USBD_FS_InterfaceStrDescriptor)
    i.USBD_FS_LangIDStrDescriptor            0x08003efc   Section        0  usbd_desc.o(i.USBD_FS_LangIDStrDescriptor)
    i.USBD_FS_ManufacturerStrDescriptor      0x08003f0c   Section        0  usbd_desc.o(i.USBD_FS_ManufacturerStrDescriptor)
    i.USBD_FS_ProductStrDescriptor           0x08003f38   Section        0  usbd_desc.o(i.USBD_FS_ProductStrDescriptor)
    i.USBD_FS_SerialStrDescriptor            0x08003f78   Section        0  usbd_desc.o(i.USBD_FS_SerialStrDescriptor)
    i.USBD_GetConfig                         0x08003f90   Section        0  usbd_ctlreq.o(i.USBD_GetConfig)
    USBD_GetConfig                           0x08003f91   Thumb Code    86  usbd_ctlreq.o(i.USBD_GetConfig)
    i.USBD_GetDescriptor                     0x08003fe6   Section        0  usbd_ctlreq.o(i.USBD_GetDescriptor)
    USBD_GetDescriptor                       0x08003fe7   Thumb Code   338  usbd_ctlreq.o(i.USBD_GetDescriptor)
    i.USBD_GetLen                            0x08004138   Section        0  usbd_ctlreq.o(i.USBD_GetLen)
    USBD_GetLen                              0x08004139   Thumb Code    20  usbd_ctlreq.o(i.USBD_GetLen)
    i.USBD_GetStatus                         0x0800414c   Section        0  usbd_ctlreq.o(i.USBD_GetStatus)
    USBD_GetStatus                           0x0800414d   Thumb Code    90  usbd_ctlreq.o(i.USBD_GetStatus)
    i.USBD_GetString                         0x080041a6   Section        0  usbd_ctlreq.o(i.USBD_GetString)
    i.USBD_Get_USB_Status                    0x080041f8   Section        0  usbd_conf.o(i.USBD_Get_USB_Status)
    USBD_Get_USB_Status                      0x080041f9   Thumb Code    44  usbd_conf.o(i.USBD_Get_USB_Status)
    i.USBD_Init                              0x08004224   Section        0  usbd_core.o(i.USBD_Init)
    i.USBD_LL_ClearStallEP                   0x08004256   Section        0  usbd_conf.o(i.USBD_LL_ClearStallEP)
    i.USBD_LL_CloseEP                        0x0800427c   Section        0  usbd_conf.o(i.USBD_LL_CloseEP)
    i.USBD_LL_DataInStage                    0x080042a2   Section        0  usbd_core.o(i.USBD_LL_DataInStage)
    i.USBD_LL_DataOutStage                   0x080043a2   Section        0  usbd_core.o(i.USBD_LL_DataOutStage)
    i.USBD_LL_GetRxDataSize                  0x08004448   Section        0  usbd_conf.o(i.USBD_LL_GetRxDataSize)
    i.USBD_LL_Init                           0x0800445c   Section        0  usbd_conf.o(i.USBD_LL_Init)
    i.USBD_LL_IsStallEP                      0x080044e0   Section        0  usbd_conf.o(i.USBD_LL_IsStallEP)
    i.USBD_LL_OpenEP                         0x08004518   Section        0  usbd_conf.o(i.USBD_LL_OpenEP)
    i.USBD_LL_PrepareReceive                 0x08004548   Section        0  usbd_conf.o(i.USBD_LL_PrepareReceive)
    i.USBD_LL_Reset                          0x08004578   Section        0  usbd_core.o(i.USBD_LL_Reset)
    i.USBD_LL_Resume                         0x080045d4   Section        0  usbd_core.o(i.USBD_LL_Resume)
    i.USBD_LL_SOF                            0x080045e2   Section        0  usbd_core.o(i.USBD_LL_SOF)
    i.USBD_LL_SetSpeed                       0x08004604   Section        0  usbd_core.o(i.USBD_LL_SetSpeed)
    i.USBD_LL_SetUSBAddress                  0x0800460c   Section        0  usbd_conf.o(i.USBD_LL_SetUSBAddress)
    i.USBD_LL_SetupStage                     0x08004632   Section        0  usbd_core.o(i.USBD_LL_SetupStage)
    i.USBD_LL_StallEP                        0x080046a0   Section        0  usbd_conf.o(i.USBD_LL_StallEP)
    i.USBD_LL_Start                          0x080046c6   Section        0  usbd_conf.o(i.USBD_LL_Start)
    i.USBD_LL_Suspend                        0x080046e4   Section        0  usbd_core.o(i.USBD_LL_Suspend)
    i.USBD_LL_Transmit                       0x080046f8   Section        0  usbd_conf.o(i.USBD_LL_Transmit)
    i.USBD_ParseSetupRequest                 0x08004728   Section        0  usbd_ctlreq.o(i.USBD_ParseSetupRequest)
    i.USBD_RegisterClass                     0x08004750   Section        0  usbd_core.o(i.USBD_RegisterClass)
    i.USBD_RunTestMode                       0x08004760   Section        0  usbd_core.o(i.USBD_RunTestMode)
    i.USBD_SetAddress                        0x08004766   Section        0  usbd_ctlreq.o(i.USBD_SetAddress)
    USBD_SetAddress                          0x08004767   Thumb Code    90  usbd_ctlreq.o(i.USBD_SetAddress)
    i.USBD_SetClassConfig                    0x080047c0   Section        0  usbd_core.o(i.USBD_SetClassConfig)
    i.USBD_SetConfig                         0x080047e4   Section        0  usbd_ctlreq.o(i.USBD_SetConfig)
    USBD_SetConfig                           0x080047e5   Thumb Code   228  usbd_ctlreq.o(i.USBD_SetConfig)
    i.USBD_SetFeature                        0x080048cc   Section        0  usbd_ctlreq.o(i.USBD_SetFeature)
    USBD_SetFeature                          0x080048cd   Thumb Code    24  usbd_ctlreq.o(i.USBD_SetFeature)
    i.USBD_Start                             0x080048e4   Section        0  usbd_core.o(i.USBD_Start)
    i.USBD_StdDevReq                         0x080048f2   Section        0  usbd_ctlreq.o(i.USBD_StdDevReq)
    i.USBD_StdEPReq                          0x08004994   Section        0  usbd_ctlreq.o(i.USBD_StdEPReq)
    i.USBD_StdItfReq                         0x08004bcc   Section        0  usbd_ctlreq.o(i.USBD_StdItfReq)
    i.USBD_static_free                       0x08004c4a   Section        0  usbd_conf.o(i.USBD_static_free)
    i.USBD_static_malloc                     0x08004c4c   Section        0  usbd_conf.o(i.USBD_static_malloc)
    i.USB_ActivateEndpoint                   0x08004c58   Section        0  stm32l1xx_ll_usb.o(i.USB_ActivateEndpoint)
    i.USB_DeactivateEndpoint                 0x080050a4   Section        0  stm32l1xx_ll_usb.o(i.USB_DeactivateEndpoint)
    i.USB_DevConnect                         0x08005320   Section        0  stm32l1xx_ll_usb.o(i.USB_DevConnect)
    i.USB_DevInit                            0x08005326   Section        0  stm32l1xx_ll_usb.o(i.USB_DevInit)
    i.USB_DisableGlobalInt                   0x0800533c   Section        0  stm32l1xx_ll_usb.o(i.USB_DisableGlobalInt)
    i.USB_EPClearStall                       0x08005350   Section        0  stm32l1xx_ll_usb.o(i.USB_EPClearStall)
    i.USB_EPSetStall                         0x0800542a   Section        0  stm32l1xx_ll_usb.o(i.USB_EPSetStall)
    i.USB_EPStartXfer                        0x08005486   Section        0  stm32l1xx_ll_usb.o(i.USB_EPStartXfer)
    i.USB_EnableGlobalInt                    0x08006010   Section        0  stm32l1xx_ll_usb.o(i.USB_EnableGlobalInt)
    i.USB_LP_IRQHandler                      0x08006024   Section        0  stm32l1xx_it.o(i.USB_LP_IRQHandler)
    i.USB_ReadInterrupts                     0x08006034   Section        0  stm32l1xx_ll_usb.o(i.USB_ReadInterrupts)
    i.USB_ReadPMA                            0x0800603c   Section        0  stm32l1xx_ll_usb.o(i.USB_ReadPMA)
    i.USB_SetDevAddress                      0x08006086   Section        0  stm32l1xx_ll_usb.o(i.USB_SetDevAddress)
    i.USB_WritePMA                           0x08006094   Section        0  stm32l1xx_ll_usb.o(i.USB_WritePMA)
    i.UsageFault_Handler                     0x080060d6   Section        0  stm32l1xx_it.o(i.UsageFault_Handler)
    i.__0vsnprintf                           0x080060dc   Section        0  printfa.o(i.__0vsnprintf)
    i.__ARM_fpclassify                       0x08006110   Section        0  fpclassify.o(i.__ARM_fpclassify)
    i.__NVIC_GetPriorityGrouping             0x08006138   Section        0  stm32l1xx_hal_cortex.o(i.__NVIC_GetPriorityGrouping)
    __NVIC_GetPriorityGrouping               0x08006139   Thumb Code    10  stm32l1xx_hal_cortex.o(i.__NVIC_GetPriorityGrouping)
    i.__NVIC_SetPriority                     0x08006148   Section        0  stm32l1xx_hal_cortex.o(i.__NVIC_SetPriority)
    __NVIC_SetPriority                       0x08006149   Thumb Code    32  stm32l1xx_hal_cortex.o(i.__NVIC_SetPriority)
    i.__kernel_poly                          0x08006170   Section        0  poly.o(i.__kernel_poly)
    i.__mathlib_dbl_divzero                  0x0800621c   Section        0  dunder.o(i.__mathlib_dbl_divzero)
    i.__mathlib_dbl_infnan2                  0x0800622c   Section        0  dunder.o(i.__mathlib_dbl_infnan2)
    i.__mathlib_dbl_invalid                  0x08006230   Section        0  dunder.o(i.__mathlib_dbl_invalid)
    i.__mathlib_dbl_overflow                 0x0800623c   Section        0  dunder.o(i.__mathlib_dbl_overflow)
    i.__mathlib_dbl_underflow                0x0800624c   Section        0  dunder.o(i.__mathlib_dbl_underflow)
    i.__scatterload_copy                     0x0800625c   Section       14  handlers.o(i.__scatterload_copy)
    i.__scatterload_null                     0x0800626a   Section        2  handlers.o(i.__scatterload_null)
    i.__scatterload_zeroinit                 0x0800626c   Section       14  handlers.o(i.__scatterload_zeroinit)
    i.__set_errno                            0x0800627c   Section        0  errno.o(i.__set_errno)
    i._fp_digits                             0x08006288   Section        0  printfa.o(i._fp_digits)
    _fp_digits                               0x08006289   Thumb Code   366  printfa.o(i._fp_digits)
    i._printf_core                           0x0800640c   Section        0  printfa.o(i._printf_core)
    _printf_core                             0x0800640d   Thumb Code  1704  printfa.o(i._printf_core)
    i._printf_post_padding                   0x08006ac0   Section        0  printfa.o(i._printf_post_padding)
    _printf_post_padding                     0x08006ac1   Thumb Code    36  printfa.o(i._printf_post_padding)
    i._printf_pre_padding                    0x08006ae4   Section        0  printfa.o(i._printf_pre_padding)
    _printf_pre_padding                      0x08006ae5   Thumb Code    46  printfa.o(i._printf_pre_padding)
    i._snputc                                0x08006b12   Section        0  printfa.o(i._snputc)
    _snputc                                  0x08006b13   Thumb Code    22  printfa.o(i._snputc)
    i.hdc1080_init                           0x08006b28   Section        0  hdc1080.o(i.hdc1080_init)
    i.hdc1080_read_manufacturer_id           0x08006b8a   Section        0  hdc1080.o(i.hdc1080_read_manufacturer_id)
    i.hdc1080_read_temperature               0x08006ba8   Section        0  hdc1080.o(i.hdc1080_read_temperature)
    i.main                                   0x08006c34   Section        0  main.o(i.main)
    i.pow                                    0x08006ca0   Section        0  pow.o(i.pow)
    i.readRegister                           0x08007678   Section        0  hdc1080.o(i.readRegister)
    readRegister                             0x08007679   Thumb Code    48  hdc1080.o(i.readRegister)
    i.sqrt                                   0x080076c4   Section        0  sqrt.o(i.sqrt)
    i.usb_printf                             0x08007710   Section        0  usbd_cdc_if.o(i.usb_printf)
    i.writeRegister                          0x08007740   Section        0  hdc1080.o(i.writeRegister)
    writeRegister                            0x08007741   Thumb Code    46  hdc1080.o(i.writeRegister)
    .constdata                               0x0800778c   Section       33  system_stm32l1xx.o(.constdata)
    .constdata                               0x080077b0   Section      136  pow.o(.constdata)
    bp                                       0x080077b0   Data          16  pow.o(.constdata)
    dp_h                                     0x080077c0   Data          16  pow.o(.constdata)
    dp_l                                     0x080077d0   Data          16  pow.o(.constdata)
    L                                        0x080077e0   Data          48  pow.o(.constdata)
    P                                        0x08007810   Data          40  pow.o(.constdata)
    .constdata                               0x08007838   Section        8  qnan.o(.constdata)
    .data                                    0x20000000   Section       78  usbd_desc.o(.data)
    .data                                    0x20000050   Section       16  usbd_cdc_if.o(.data)
    .data                                    0x20000060   Section       12  stm32l1xx_hal.o(.data)
    .data                                    0x2000006c   Section        4  system_stm32l1xx.o(.data)
    .data                                    0x20000070   Section        1  usbd_ctlreq.o(.data)
    cfgidx                                   0x20000070   Data           1  usbd_ctlreq.o(.data)
    .data                                    0x20000074   Section      271  usbd_cdc.o(.data)
    USBD_CDC_DeviceQualifierDesc             0x20000074   Data          10  usbd_cdc.o(.data)
    .data                                    0x20000184   Section        4  errno.o(.data)
    _errno                                   0x20000184   Data           4  errno.o(.data)
    .bss                                     0x20000188   Section       84  i2c.o(.bss)
    .bss                                     0x200001dc   Section      668  usb_device.o(.bss)
    .bss                                     0x20000478   Section      512  usbd_desc.o(.bss)
    .bss                                     0x20000678   Section     2000  usbd_cdc_if.o(.bss)
    .bss                                     0x20000e48   Section     1292  usbd_conf.o(.bss)
    mem                                      0x20001134   Data         544  usbd_conf.o(.bss)
    STACK                                    0x20001358   Section     2048  startup_stm32l151xc.o(STACK)

    Global Symbols

    Symbol Name                              Value     Ov Type        Size  Object(Section)

    BuildAttributes$$THM_ISAv4$P$D$K$B$S$PE$A:L22UL41UL21$X:L11$S22US41US21$IEEE1$IW$USESV6$~STKCKD$USESV7$~SHL$OTIME$ROPI$IEEEX$EBA8$MICROLIB$REQ8$PRES8$EABIv2 0x00000000   Number         0  anon$$obj.o ABSOLUTE
    __ARM_use_no_argv                        0x00000000   Number         0  main.o ABSOLUTE
    __arm_fini_                               - Undefined Weak Reference
    __cpp_initialize__aeabi_                  - Undefined Weak Reference
    __cxa_finalize                            - Undefined Weak Reference
    _clock_init                               - Undefined Weak Reference
    _microlib_exit                            - Undefined Weak Reference
    __Vectors_Size                           0x00000124   Number         0  startup_stm32l151xc.o ABSOLUTE
    __Vectors                                0x08000000   Data           4  startup_stm32l151xc.o(RESET)
    __Vectors_End                            0x08000124   Data           0  startup_stm32l151xc.o(RESET)
    __main                                   0x08000125   Thumb Code     0  entry.o(.ARM.Collect$$$$00000000)
    _main_stk                                0x08000125   Thumb Code     0  entry2.o(.ARM.Collect$$$$00000001)
    _main_scatterload                        0x08000129   Thumb Code     0  entry5.o(.ARM.Collect$$$$00000004)
    __main_after_scatterload                 0x0800012d   Thumb Code     0  entry5.o(.ARM.Collect$$$$00000004)
    _main_clock                              0x0800012d   Thumb Code     0  entry7b.o(.ARM.Collect$$$$00000008)
    _main_cpp_init                           0x0800012d   Thumb Code     0  entry8b.o(.ARM.Collect$$$$0000000A)
    _main_init                               0x0800012d   Thumb Code     0  entry9a.o(.ARM.Collect$$$$0000000B)
    __rt_lib_shutdown_fini                   0x08000135   Thumb Code     0  entry12b.o(.ARM.Collect$$$$0000000E)
    __rt_final_cpp                           0x08000139   Thumb Code     0  entry10a.o(.ARM.Collect$$$$0000000F)
    __rt_final_exit                          0x08000139   Thumb Code     0  entry11a.o(.ARM.Collect$$$$00000011)
    Reset_Handler                            0x0800013d   Thumb Code     8  startup_stm32l151xc.o(.text)
    ADC1_IRQHandler                          0x08000157   Thumb Code     0  startup_stm32l151xc.o(.text)
    COMP_ACQ_IRQHandler                      0x08000157   Thumb Code     0  startup_stm32l151xc.o(.text)
    COMP_IRQHandler                          0x08000157   Thumb Code     0  startup_stm32l151xc.o(.text)
    DAC_IRQHandler                           0x08000157   Thumb Code     0  startup_stm32l151xc.o(.text)
    DMA1_Channel1_IRQHandler                 0x08000157   Thumb Code     0  startup_stm32l151xc.o(.text)
    DMA1_Channel2_IRQHandler                 0x08000157   Thumb Code     0  startup_stm32l151xc.o(.text)
    DMA1_Channel3_IRQHandler                 0x08000157   Thumb Code     0  startup_stm32l151xc.o(.text)
    DMA1_Channel4_IRQHandler                 0x08000157   Thumb Code     0  startup_stm32l151xc.o(.text)
    DMA1_Channel5_IRQHandler                 0x08000157   Thumb Code     0  startup_stm32l151xc.o(.text)
    DMA1_Channel6_IRQHandler                 0x08000157   Thumb Code     0  startup_stm32l151xc.o(.text)
    DMA1_Channel7_IRQHandler                 0x08000157   Thumb Code     0  startup_stm32l151xc.o(.text)
    DMA2_Channel1_IRQHandler                 0x08000157   Thumb Code     0  startup_stm32l151xc.o(.text)
    DMA2_Channel2_IRQHandler                 0x08000157   Thumb Code     0  startup_stm32l151xc.o(.text)
    DMA2_Channel3_IRQHandler                 0x08000157   Thumb Code     0  startup_stm32l151xc.o(.text)
    DMA2_Channel4_IRQHandler                 0x08000157   Thumb Code     0  startup_stm32l151xc.o(.text)
    DMA2_Channel5_IRQHandler                 0x08000157   Thumb Code     0  startup_stm32l151xc.o(.text)
    EXTI0_IRQHandler                         0x08000157   Thumb Code     0  startup_stm32l151xc.o(.text)
    EXTI15_10_IRQHandler                     0x08000157   Thumb Code     0  startup_stm32l151xc.o(.text)
    EXTI1_IRQHandler                         0x08000157   Thumb Code     0  startup_stm32l151xc.o(.text)
    EXTI2_IRQHandler                         0x08000157   Thumb Code     0  startup_stm32l151xc.o(.text)
    EXTI3_IRQHandler                         0x08000157   Thumb Code     0  startup_stm32l151xc.o(.text)
    EXTI4_IRQHandler                         0x08000157   Thumb Code     0  startup_stm32l151xc.o(.text)
    EXTI9_5_IRQHandler                       0x08000157   Thumb Code     0  startup_stm32l151xc.o(.text)
    FLASH_IRQHandler                         0x08000157   Thumb Code     0  startup_stm32l151xc.o(.text)
    I2C1_ER_IRQHandler                       0x08000157   Thumb Code     0  startup_stm32l151xc.o(.text)
    I2C1_EV_IRQHandler                       0x08000157   Thumb Code     0  startup_stm32l151xc.o(.text)
    I2C2_ER_IRQHandler                       0x08000157   Thumb Code     0  startup_stm32l151xc.o(.text)
    I2C2_EV_IRQHandler                       0x08000157   Thumb Code     0  startup_stm32l151xc.o(.text)
    PVD_IRQHandler                           0x08000157   Thumb Code     0  startup_stm32l151xc.o(.text)
    RCC_IRQHandler                           0x08000157   Thumb Code     0  startup_stm32l151xc.o(.text)
    RTC_Alarm_IRQHandler                     0x08000157   Thumb Code     0  startup_stm32l151xc.o(.text)
    RTC_WKUP_IRQHandler                      0x08000157   Thumb Code     0  startup_stm32l151xc.o(.text)
    SPI1_IRQHandler                          0x08000157   Thumb Code     0  startup_stm32l151xc.o(.text)
    SPI2_IRQHandler                          0x08000157   Thumb Code     0  startup_stm32l151xc.o(.text)
    SPI3_IRQHandler                          0x08000157   Thumb Code     0  startup_stm32l151xc.o(.text)
    TAMPER_STAMP_IRQHandler                  0x08000157   Thumb Code     0  startup_stm32l151xc.o(.text)
    TIM10_IRQHandler                         0x08000157   Thumb Code     0  startup_stm32l151xc.o(.text)
    TIM11_IRQHandler                         0x08000157   Thumb Code     0  startup_stm32l151xc.o(.text)
    TIM2_IRQHandler                          0x08000157   Thumb Code     0  startup_stm32l151xc.o(.text)
    TIM3_IRQHandler                          0x08000157   Thumb Code     0  startup_stm32l151xc.o(.text)
    TIM4_IRQHandler                          0x08000157   Thumb Code     0  startup_stm32l151xc.o(.text)
    TIM5_IRQHandler                          0x08000157   Thumb Code     0  startup_stm32l151xc.o(.text)
    TIM6_IRQHandler                          0x08000157   Thumb Code     0  startup_stm32l151xc.o(.text)
    TIM7_IRQHandler                          0x08000157   Thumb Code     0  startup_stm32l151xc.o(.text)
    TIM9_IRQHandler                          0x08000157   Thumb Code     0  startup_stm32l151xc.o(.text)
    USART1_IRQHandler                        0x08000157   Thumb Code     0  startup_stm32l151xc.o(.text)
    USART2_IRQHandler                        0x08000157   Thumb Code     0  startup_stm32l151xc.o(.text)
    USART3_IRQHandler                        0x08000157   Thumb Code     0  startup_stm32l151xc.o(.text)
    USB_FS_WKUP_IRQHandler                   0x08000157   Thumb Code     0  startup_stm32l151xc.o(.text)
    USB_HP_IRQHandler                        0x08000157   Thumb Code     0  startup_stm32l151xc.o(.text)
    WWDG_IRQHandler                          0x08000157   Thumb Code     0  startup_stm32l151xc.o(.text)
    __aeabi_uldivmod                         0x08000161   Thumb Code    98  uldiv.o(.text)
    __aeabi_memcpy                           0x080001c3   Thumb Code    36  memcpya.o(.text)
    __aeabi_memcpy4                          0x080001c3   Thumb Code     0  memcpya.o(.text)
    __aeabi_memcpy8                          0x080001c3   Thumb Code     0  memcpya.o(.text)
    __aeabi_memset                           0x080001e7   Thumb Code    14  memseta.o(.text)
    __aeabi_memset4                          0x080001e7   Thumb Code     0  memseta.o(.text)
    __aeabi_memset8                          0x080001e7   Thumb Code     0  memseta.o(.text)
    __aeabi_memclr                           0x080001f5   Thumb Code     4  memseta.o(.text)
    __aeabi_memclr4                          0x080001f5   Thumb Code     0  memseta.o(.text)
    __aeabi_memclr8                          0x080001f5   Thumb Code     0  memseta.o(.text)
    _memset$wrapper                          0x080001f9   Thumb Code    18  memseta.o(.text)
    __aeabi_dadd                             0x0800020b   Thumb Code   322  dadd.o(.text)
    __aeabi_dsub                             0x0800034d   Thumb Code     6  dadd.o(.text)
    __aeabi_drsub                            0x08000353   Thumb Code     6  dadd.o(.text)
    __aeabi_dmul                             0x08000359   Thumb Code   228  dmul.o(.text)
    __aeabi_ddiv                             0x0800043d   Thumb Code   222  ddiv.o(.text)
    __aeabi_ui2d                             0x0800051b   Thumb Code    26  dfltui.o(.text)
    __aeabi_uidiv                            0x08000535   Thumb Code     0  uidiv.o(.text)
    __aeabi_uidivmod                         0x08000535   Thumb Code    44  uidiv.o(.text)
    __aeabi_llsl                             0x08000561   Thumb Code    30  llshl.o(.text)
    _ll_shift_l                              0x08000561   Thumb Code     0  llshl.o(.text)
    __aeabi_llsr                             0x0800057f   Thumb Code    32  llushr.o(.text)
    _ll_ushift_r                             0x0800057f   Thumb Code     0  llushr.o(.text)
    __aeabi_lasr                             0x0800059f   Thumb Code    36  llsshr.o(.text)
    _ll_sshift_r                             0x0800059f   Thumb Code     0  llsshr.o(.text)
    __I$use$fp                               0x080005c3   Thumb Code     0  iusefp.o(.text)
    _double_round                            0x080005c3   Thumb Code    30  depilogue.o(.text)
    _double_epilogue                         0x080005e1   Thumb Code   156  depilogue.o(.text)
    __ARM_scalbn                             0x0800067d   Thumb Code    46  dscalb.o(.text)
    scalbn                                   0x0800067d   Thumb Code     0  dscalb.o(.text)
    __aeabi_i2d                              0x080006ab   Thumb Code    34  dflti.o(.text)
    __aeabi_d2ulz                            0x080006cd   Thumb Code    48  dfixul.o(.text)
    __aeabi_cdrcmple                         0x080006fd   Thumb Code    48  cdrcmple.o(.text)
    __scatterload                            0x0800072d   Thumb Code    28  init.o(.text)
    __scatterload_rt2                        0x0800072d   Thumb Code     0  init.o(.text)
    _dsqrt                                   0x08000751   Thumb Code   162  dsqrt.o(.text)
    __decompress                             0x080007f3   Thumb Code     0  __dczerorl2.o(.text)
    __decompress1                            0x080007f3   Thumb Code    86  __dczerorl2.o(.text)
    BusFault_Handler                         0x08000849   Thumb Code     4  stm32l1xx_it.o(i.BusFault_Handler)
    CDC_Transmit_FS                          0x080008d5   Thumb Code    50  usbd_cdc_if.o(i.CDC_Transmit_FS)
    DebugMon_Handler                         0x0800090d   Thumb Code     2  stm32l1xx_it.o(i.DebugMon_Handler)
    Error_Handler                            0x0800090f   Thumb Code     6  main.o(i.Error_Handler)
    HAL_Delay                                0x0800094d   Thumb Code    36  stm32l1xx_hal.o(i.HAL_Delay)
    HAL_GPIO_Init                            0x08000975   Thumb Code   418  stm32l1xx_hal_gpio.o(i.HAL_GPIO_Init)
    HAL_GetTick                              0x08000b39   Thumb Code     6  stm32l1xx_hal.o(i.HAL_GetTick)
    HAL_I2C_Init                             0x08000b45   Thumb Code   446  stm32l1xx_hal_i2c.o(i.HAL_I2C_Init)
    HAL_I2C_Master_Receive                   0x08000d15   Thumb Code   748  stm32l1xx_hal_i2c.o(i.HAL_I2C_Master_Receive)
    HAL_I2C_Mem_Read                         0x0800100d   Thumb Code   744  stm32l1xx_hal_i2c.o(i.HAL_I2C_Mem_Read)
    HAL_I2C_Mem_Write                        0x08001301   Thumb Code   348  stm32l1xx_hal_i2c.o(i.HAL_I2C_Mem_Write)
    HAL_I2C_MspInit                          0x08001465   Thumb Code   114  i2c.o(i.HAL_I2C_MspInit)
    HAL_IncTick                              0x080014e5   Thumb Code    16  stm32l1xx_hal.o(i.HAL_IncTick)
    HAL_Init                                 0x080014fd   Thumb Code    30  stm32l1xx_hal.o(i.HAL_Init)
    HAL_InitTick                             0x0800151d   Thumb Code    74  stm32l1xx_hal.o(i.HAL_InitTick)
    HAL_MspInit                              0x08001575   Thumb Code    88  stm32l1xx_hal_msp.o(i.HAL_MspInit)
    HAL_NVIC_EnableIRQ                       0x080015d1   Thumb Code    32  stm32l1xx_hal_cortex.o(i.HAL_NVIC_EnableIRQ)
    HAL_NVIC_SetPriority                     0x080015f1   Thumb Code   124  stm32l1xx_hal_cortex.o(i.HAL_NVIC_SetPriority)
    HAL_NVIC_SetPriorityGrouping             0x0800166d   Thumb Code    32  stm32l1xx_hal_cortex.o(i.HAL_NVIC_SetPriorityGrouping)
    HAL_PCDEx_PMAConfig                      0x08001695   Thumb Code    68  stm32l1xx_hal_pcd_ex.o(i.HAL_PCDEx_PMAConfig)
    HAL_PCDEx_SetConnectionState             0x080016d9   Thumb Code    32  usbd_conf.o(i.HAL_PCDEx_SetConnectionState)
    HAL_PCD_DataInStageCallback              0x080016fd   Thumb Code    32  usbd_conf.o(i.HAL_PCD_DataInStageCallback)
    HAL_PCD_DataOutStageCallback             0x0800171d   Thumb Code    32  usbd_conf.o(i.HAL_PCD_DataOutStageCallback)
    HAL_PCD_EP_Close                         0x0800173d   Thumb Code   106  stm32l1xx_hal_pcd.o(i.HAL_PCD_EP_Close)
    HAL_PCD_EP_ClrStall                      0x080017a7   Thumb Code   124  stm32l1xx_hal_pcd.o(i.HAL_PCD_EP_ClrStall)
    HAL_PCD_EP_GetRxCount                    0x08001ea3   Thumb Code    22  stm32l1xx_hal_pcd.o(i.HAL_PCD_EP_GetRxCount)
    HAL_PCD_EP_Open                          0x08001eb9   Thumb Code   140  stm32l1xx_hal_pcd.o(i.HAL_PCD_EP_Open)
    HAL_PCD_EP_Receive                       0x08001f45   Thumb Code    76  stm32l1xx_hal_pcd.o(i.HAL_PCD_EP_Receive)
    HAL_PCD_EP_SetStall                      0x08001f91   Thumb Code   120  stm32l1xx_hal_pcd.o(i.HAL_PCD_EP_SetStall)
    HAL_PCD_EP_Transmit                      0x08002009   Thumb Code    86  stm32l1xx_hal_pcd.o(i.HAL_PCD_EP_Transmit)
    HAL_PCD_IRQHandler                       0x0800205f   Thumb Code   366  stm32l1xx_hal_pcd.o(i.HAL_PCD_IRQHandler)
    HAL_PCD_Init                             0x080021cd   Thumb Code   286  stm32l1xx_hal_pcd.o(i.HAL_PCD_Init)
    HAL_PCD_MspInit                          0x080022ed   Thumb Code    58  usbd_conf.o(i.HAL_PCD_MspInit)
    HAL_PCD_ResetCallback                    0x08002331   Thumb Code    36  usbd_conf.o(i.HAL_PCD_ResetCallback)
    HAL_PCD_ResumeCallback                   0x08002355   Thumb Code    14  usbd_conf.o(i.HAL_PCD_ResumeCallback)
    HAL_PCD_SOFCallback                      0x08002363   Thumb Code    14  usbd_conf.o(i.HAL_PCD_SOFCallback)
    HAL_PCD_SetAddress                       0x08002371   Thumb Code    54  stm32l1xx_hal_pcd.o(i.HAL_PCD_SetAddress)
    HAL_PCD_SetupStageCallback               0x080023a7   Thumb Code    18  usbd_conf.o(i.HAL_PCD_SetupStageCallback)
    HAL_PCD_Start                            0x080023b9   Thumb Code    60  stm32l1xx_hal_pcd.o(i.HAL_PCD_Start)
    HAL_PCD_SuspendCallback                  0x080023f5   Thumb Code    30  usbd_conf.o(i.HAL_PCD_SuspendCallback)
    HAL_RCC_ClockConfig                      0x08002419   Thumb Code   522  stm32l1xx_hal_rcc.o(i.HAL_RCC_ClockConfig)
    HAL_RCC_GetHCLKFreq                      0x08002639   Thumb Code     6  stm32l1xx_hal_rcc.o(i.HAL_RCC_GetHCLKFreq)
    HAL_RCC_GetPCLK1Freq                     0x08002645   Thumb Code    22  stm32l1xx_hal_rcc.o(i.HAL_RCC_GetPCLK1Freq)
    HAL_RCC_GetSysClockFreq                  0x08002665   Thumb Code   144  stm32l1xx_hal_rcc.o(i.HAL_RCC_GetSysClockFreq)
    HAL_RCC_OscConfig                        0x08002705   Thumb Code  1480  stm32l1xx_hal_rcc.o(i.HAL_RCC_OscConfig)
    HAL_SYSTICK_Config                       0x08002cd5   Thumb Code    52  stm32l1xx_hal_cortex.o(i.HAL_SYSTICK_Config)
    HardFault_Handler                        0x08002d09   Thumb Code     4  stm32l1xx_it.o(i.HardFault_Handler)
    MX_GPIO_Init                             0x08003385   Thumb Code   110  gpio.o(i.MX_GPIO_Init)
    MX_I2C1_Init                             0x080033f9   Thumb Code    48  i2c.o(i.MX_I2C1_Init)
    MX_USB_DEVICE_Init                       0x08003435   Thumb Code    60  usb_device.o(i.MX_USB_DEVICE_Init)
    MemManage_Handler                        0x08003481   Thumb Code     4  stm32l1xx_it.o(i.MemManage_Handler)
    NMI_Handler                              0x08003485   Thumb Code     4  stm32l1xx_it.o(i.NMI_Handler)
    PendSV_Handler                           0x0800387b   Thumb Code     2  stm32l1xx_it.o(i.PendSV_Handler)
    SVC_Handler                              0x08003925   Thumb Code     2  stm32l1xx_it.o(i.SVC_Handler)
    SysTick_Handler                          0x08003927   Thumb Code     8  stm32l1xx_it.o(i.SysTick_Handler)
    SystemClock_Config                       0x08003931   Thumb Code   104  main.o(i.SystemClock_Config)
    SystemInit                               0x0800399d   Thumb Code     2  system_stm32l1xx.o(i.SystemInit)
    USBD_CDC_GetDeviceQualifierDescriptor    0x08003ad1   Thumb Code    10  usbd_cdc.o(i.USBD_CDC_GetDeviceQualifierDescriptor)
    USBD_CDC_ReceivePacket                   0x08003bc9   Thumb Code    58  usbd_cdc.o(i.USBD_CDC_ReceivePacket)
    USBD_CDC_RegisterInterface               0x08003c03   Thumb Code    14  usbd_cdc.o(i.USBD_CDC_RegisterInterface)
    USBD_CDC_SetRxBuffer                     0x08003c11   Thumb Code    14  usbd_cdc.o(i.USBD_CDC_SetRxBuffer)
    USBD_CDC_SetTxBuffer                     0x08003c1f   Thumb Code    20  usbd_cdc.o(i.USBD_CDC_SetTxBuffer)
    USBD_CDC_TransmitPacket                  0x08003d27   Thumb Code    62  usbd_cdc.o(i.USBD_CDC_TransmitPacket)
    USBD_ClrClassConfig                      0x08003d65   Thumb Code    22  usbd_core.o(i.USBD_ClrClassConfig)
    USBD_CtlContinueRx                       0x08003db9   Thumb Code    24  usbd_ioreq.o(i.USBD_CtlContinueRx)
    USBD_CtlContinueSendData                 0x08003dd1   Thumb Code    24  usbd_ioreq.o(i.USBD_CtlContinueSendData)
    USBD_CtlError                            0x08003de9   Thumb Code    24  usbd_ctlreq.o(i.USBD_CtlError)
    USBD_CtlPrepareRx                        0x08003e01   Thumb Code    40  usbd_ioreq.o(i.USBD_CtlPrepareRx)
    USBD_CtlReceiveStatus                    0x08003e29   Thumb Code    26  usbd_ioreq.o(i.USBD_CtlReceiveStatus)
    USBD_CtlSendData                         0x08003e43   Thumb Code    34  usbd_ioreq.o(i.USBD_CtlSendData)
    USBD_CtlSendStatus                       0x08003e65   Thumb Code    26  usbd_ioreq.o(i.USBD_CtlSendStatus)
    USBD_FS_ConfigStrDescriptor              0x08003e81   Thumb Code    34  usbd_desc.o(i.USBD_FS_ConfigStrDescriptor)
    USBD_FS_DeviceDescriptor                 0x08003eb5   Thumb Code    10  usbd_desc.o(i.USBD_FS_DeviceDescriptor)
    USBD_FS_InterfaceStrDescriptor           0x08003ec5   Thumb Code    34  usbd_desc.o(i.USBD_FS_InterfaceStrDescriptor)
    USBD_FS_LangIDStrDescriptor              0x08003efd   Thumb Code    10  usbd_desc.o(i.USBD_FS_LangIDStrDescriptor)
    USBD_FS_ManufacturerStrDescriptor        0x08003f0d   Thumb Code    20  usbd_desc.o(i.USBD_FS_ManufacturerStrDescriptor)
    USBD_FS_ProductStrDescriptor             0x08003f39   Thumb Code    34  usbd_desc.o(i.USBD_FS_ProductStrDescriptor)
    USBD_FS_SerialStrDescriptor              0x08003f79   Thumb Code    18  usbd_desc.o(i.USBD_FS_SerialStrDescriptor)
    USBD_GetString                           0x080041a7   Thumb Code    82  usbd_ctlreq.o(i.USBD_GetString)
    USBD_Init                                0x08004225   Thumb Code    50  usbd_core.o(i.USBD_Init)
    USBD_LL_ClearStallEP                     0x08004257   Thumb Code    38  usbd_conf.o(i.USBD_LL_ClearStallEP)
    USBD_LL_CloseEP                          0x0800427d   Thumb Code    38  usbd_conf.o(i.USBD_LL_CloseEP)
    USBD_LL_DataInStage                      0x080042a3   Thumb Code   256  usbd_core.o(i.USBD_LL_DataInStage)
    USBD_LL_DataOutStage                     0x080043a3   Thumb Code   166  usbd_core.o(i.USBD_LL_DataOutStage)
    USBD_LL_GetRxDataSize                    0x08004449   Thumb Code    18  usbd_conf.o(i.USBD_LL_GetRxDataSize)
    USBD_LL_Init                             0x0800445d   Thumb Code   124  usbd_conf.o(i.USBD_LL_Init)
    USBD_LL_IsStallEP                        0x080044e1   Thumb Code    56  usbd_conf.o(i.USBD_LL_IsStallEP)
    USBD_LL_OpenEP                           0x08004519   Thumb Code    48  usbd_conf.o(i.USBD_LL_OpenEP)
    USBD_LL_PrepareReceive                   0x08004549   Thumb Code    48  usbd_conf.o(i.USBD_LL_PrepareReceive)
    USBD_LL_Reset                            0x08004579   Thumb Code    92  usbd_core.o(i.USBD_LL_Reset)
    USBD_LL_Resume                           0x080045d5   Thumb Code    14  usbd_core.o(i.USBD_LL_Resume)
    USBD_LL_SOF                              0x080045e3   Thumb Code    34  usbd_core.o(i.USBD_LL_SOF)
    USBD_LL_SetSpeed                         0x08004605   Thumb Code     8  usbd_core.o(i.USBD_LL_SetSpeed)
    USBD_LL_SetUSBAddress                    0x0800460d   Thumb Code    38  usbd_conf.o(i.USBD_LL_SetUSBAddress)
    USBD_LL_SetupStage                       0x08004633   Thumb Code   110  usbd_core.o(i.USBD_LL_SetupStage)
    USBD_LL_StallEP                          0x080046a1   Thumb Code    38  usbd_conf.o(i.USBD_LL_StallEP)
    USBD_LL_Start                            0x080046c7   Thumb Code    30  usbd_conf.o(i.USBD_LL_Start)
    USBD_LL_Suspend                          0x080046e5   Thumb Code    20  usbd_core.o(i.USBD_LL_Suspend)
    USBD_LL_Transmit                         0x080046f9   Thumb Code    48  usbd_conf.o(i.USBD_LL_Transmit)
    USBD_ParseSetupRequest                   0x08004729   Thumb Code    40  usbd_ctlreq.o(i.USBD_ParseSetupRequest)
    USBD_RegisterClass                       0x08004751   Thumb Code    16  usbd_core.o(i.USBD_RegisterClass)
    USBD_RunTestMode                         0x08004761   Thumb Code     6  usbd_core.o(i.USBD_RunTestMode)
    USBD_SetClassConfig                      0x080047c1   Thumb Code    34  usbd_core.o(i.USBD_SetClassConfig)
    USBD_Start                               0x080048e5   Thumb Code    14  usbd_core.o(i.USBD_Start)
    USBD_StdDevReq                           0x080048f3   Thumb Code   162  usbd_ctlreq.o(i.USBD_StdDevReq)
    USBD_StdEPReq                            0x08004995   Thumb Code   568  usbd_ctlreq.o(i.USBD_StdEPReq)
    USBD_StdItfReq                           0x08004bcd   Thumb Code   126  usbd_ctlreq.o(i.USBD_StdItfReq)
    USBD_static_free                         0x08004c4b   Thumb Code     2  usbd_conf.o(i.USBD_static_free)
    USBD_static_malloc                       0x08004c4d   Thumb Code     6  usbd_conf.o(i.USBD_static_malloc)
    USB_ActivateEndpoint                     0x08004c59   Thumb Code  1100  stm32l1xx_ll_usb.o(i.USB_ActivateEndpoint)
    USB_DeactivateEndpoint                   0x080050a5   Thumb Code   636  stm32l1xx_ll_usb.o(i.USB_DeactivateEndpoint)
    USB_DevConnect                           0x08005321   Thumb Code     6  stm32l1xx_ll_usb.o(i.USB_DevConnect)
    USB_DevInit                              0x08005327   Thumb Code    22  stm32l1xx_ll_usb.o(i.USB_DevInit)
    USB_DisableGlobalInt                     0x0800533d   Thumb Code    20  stm32l1xx_ll_usb.o(i.USB_DisableGlobalInt)
    USB_EPClearStall                         0x08005351   Thumb Code   218  stm32l1xx_ll_usb.o(i.USB_EPClearStall)
    USB_EPSetStall                           0x0800542b   Thumb Code    92  stm32l1xx_ll_usb.o(i.USB_EPSetStall)
    USB_EPStartXfer                          0x08005487   Thumb Code  2954  stm32l1xx_ll_usb.o(i.USB_EPStartXfer)
    USB_EnableGlobalInt                      0x08006011   Thumb Code    18  stm32l1xx_ll_usb.o(i.USB_EnableGlobalInt)
    USB_LP_IRQHandler                        0x08006025   Thumb Code    10  stm32l1xx_it.o(i.USB_LP_IRQHandler)
    USB_ReadInterrupts                       0x08006035   Thumb Code     8  stm32l1xx_ll_usb.o(i.USB_ReadInterrupts)
    USB_ReadPMA                              0x0800603d   Thumb Code    74  stm32l1xx_ll_usb.o(i.USB_ReadPMA)
    USB_SetDevAddress                        0x08006087   Thumb Code    14  stm32l1xx_ll_usb.o(i.USB_SetDevAddress)
    USB_WritePMA                             0x08006095   Thumb Code    66  stm32l1xx_ll_usb.o(i.USB_WritePMA)
    UsageFault_Handler                       0x080060d7   Thumb Code     4  stm32l1xx_it.o(i.UsageFault_Handler)
    __0vsnprintf                             0x080060dd   Thumb Code    46  printfa.o(i.__0vsnprintf)
    __1vsnprintf                             0x080060dd   Thumb Code     0  printfa.o(i.__0vsnprintf)
    __2vsnprintf                             0x080060dd   Thumb Code     0  printfa.o(i.__0vsnprintf)
    __c89vsnprintf                           0x080060dd   Thumb Code     0  printfa.o(i.__0vsnprintf)
    vsnprintf                                0x080060dd   Thumb Code     0  printfa.o(i.__0vsnprintf)
    __ARM_fpclassify                         0x08006111   Thumb Code    40  fpclassify.o(i.__ARM_fpclassify)
    __kernel_poly                            0x08006171   Thumb Code   170  poly.o(i.__kernel_poly)
    __mathlib_dbl_divzero                    0x0800621d   Thumb Code    12  dunder.o(i.__mathlib_dbl_divzero)
    __mathlib_dbl_infnan2                    0x0800622d   Thumb Code     4  dunder.o(i.__mathlib_dbl_infnan2)
    __mathlib_dbl_invalid                    0x08006231   Thumb Code    12  dunder.o(i.__mathlib_dbl_invalid)
    __mathlib_dbl_overflow                   0x0800623d   Thumb Code    14  dunder.o(i.__mathlib_dbl_overflow)
    __mathlib_dbl_underflow                  0x0800624d   Thumb Code    10  dunder.o(i.__mathlib_dbl_underflow)
    __scatterload_copy                       0x0800625d   Thumb Code    14  handlers.o(i.__scatterload_copy)
    __scatterload_null                       0x0800626b   Thumb Code     2  handlers.o(i.__scatterload_null)
    __scatterload_zeroinit                   0x0800626d   Thumb Code    14  handlers.o(i.__scatterload_zeroinit)
    __set_errno                              0x0800627d   Thumb Code     6  errno.o(i.__set_errno)
    hdc1080_init                             0x08006b29   Thumb Code    98  hdc1080.o(i.hdc1080_init)
    hdc1080_read_manufacturer_id             0x08006b8b   Thumb Code    30  hdc1080.o(i.hdc1080_read_manufacturer_id)
    hdc1080_read_temperature                 0x08006ba9   Thumb Code   124  hdc1080.o(i.hdc1080_read_temperature)
    main                                     0x08006c35   Thumb Code    74  main.o(i.main)
    pow                                      0x08006ca1   Thumb Code  2512  pow.o(i.pow)
    sqrt                                     0x080076c5   Thumb Code    76  sqrt.o(i.sqrt)
    usb_printf                               0x08007711   Thumb Code    42  usbd_cdc_if.o(i.usb_printf)
    PLLMulTable                              0x0800778c   Data           9  system_stm32l1xx.o(.constdata)
    AHBPrescTable                            0x08007795   Data          16  system_stm32l1xx.o(.constdata)
    APBPrescTable                            0x080077a5   Data           8  system_stm32l1xx.o(.constdata)
    __mathlib_zero                           0x08007838   Data           8  qnan.o(.constdata)
    Region$$Table$$Base                      0x08007840   Number         0  anon$$obj.o(Region$$Table)
    Region$$Table$$Limit                     0x08007860   Number         0  anon$$obj.o(Region$$Table)
    FS_Desc                                  0x20000000   Data          28  usbd_desc.o(.data)
    USBD_FS_DeviceDesc                       0x2000001c   Data          18  usbd_desc.o(.data)
    USBD_LangIDDesc                          0x20000030   Data           4  usbd_desc.o(.data)
    USBD_StringSerial                        0x20000034   Data          26  usbd_desc.o(.data)
    USBD_Interface_fops_FS                   0x20000050   Data          16  usbd_cdc_if.o(.data)
    uwTick                                   0x20000060   Data           4  stm32l1xx_hal.o(.data)
    uwTickPrio                               0x20000064   Data           4  stm32l1xx_hal.o(.data)
    uwTickFreq                               0x20000068   Data           4  stm32l1xx_hal.o(.data)
    SystemCoreClock                          0x2000006c   Data           4  system_stm32l1xx.o(.data)
    USBD_CDC                                 0x20000080   Data          56  usbd_cdc.o(.data)
    USBD_CDC_CfgHSDesc                       0x200000b8   Data          67  usbd_cdc.o(.data)
    USBD_CDC_CfgFSDesc                       0x200000fc   Data          67  usbd_cdc.o(.data)
    USBD_CDC_OtherSpeedCfgDesc               0x20000140   Data          67  usbd_cdc.o(.data)
    hi2c1                                    0x20000188   Data          84  i2c.o(.bss)
    hUsbDeviceFS                             0x200001dc   Data         668  usb_device.o(.bss)
    USBD_StrDesc                             0x20000478   Data         512  usbd_desc.o(.bss)
    UserRxBufferFS                           0x20000678   Data        1000  usbd_cdc_if.o(.bss)
    UserTxBufferFS                           0x20000a60   Data        1000  usbd_cdc_if.o(.bss)
    hpcd_USB_FS                              0x20000e48   Data         748  usbd_conf.o(.bss)
    __initial_sp                             0x20001b58   Data           0  startup_stm32l151xc.o(STACK)



==============================================================================

Memory Map of the image

  Image Entry point : 0x08000125

  Load Region LR_IROM1 (Base: 0x08000000, Size: 0x000079e8, Max: 0x00040000, ABSOLUTE, COMPRESSED[0x00007924])

    Execution Region ER_IROM1 (Exec base: 0x08000000, Load base: 0x08000000, Size: 0x00007860, Max: 0x00040000, ABSOLUTE)

    Exec Addr    Load Addr    Size         Type   Attr      Idx    E Section Name        Object

    0x08000000   0x08000000   0x00000124   Data   RO            3    RESET               startup_stm32l151xc.o
    0x08000124   0x08000124   0x00000000   Code   RO         3450  * .ARM.Collect$$$$00000000  mc_w.l(entry.o)
    0x08000124   0x08000124   0x00000004   Code   RO         3524    .ARM.Collect$$$$00000001  mc_w.l(entry2.o)
    0x08000128   0x08000128   0x00000004   Code   RO         3527    .ARM.Collect$$$$00000004  mc_w.l(entry5.o)
    0x0800012c   0x0800012c   0x00000000   Code   RO         3529    .ARM.Collect$$$$00000008  mc_w.l(entry7b.o)
    0x0800012c   0x0800012c   0x00000000   Code   RO         3531    .ARM.Collect$$$$0000000A  mc_w.l(entry8b.o)
    0x0800012c   0x0800012c   0x00000008   Code   RO         3532    .ARM.Collect$$$$0000000B  mc_w.l(entry9a.o)
    0x08000134   0x08000134   0x00000004   Code   RO         3539    .ARM.Collect$$$$0000000E  mc_w.l(entry12b.o)
    0x08000138   0x08000138   0x00000000   Code   RO         3534    .ARM.Collect$$$$0000000F  mc_w.l(entry10a.o)
    0x08000138   0x08000138   0x00000000   Code   RO         3536    .ARM.Collect$$$$00000011  mc_w.l(entry11a.o)
    0x08000138   0x08000138   0x00000004   Code   RO         3525    .ARM.Collect$$$$00002712  mc_w.l(entry2.o)
    0x0800013c   0x0800013c   0x00000024   Code   RO            4    .text               startup_stm32l151xc.o
    0x08000160   0x08000160   0x00000062   Code   RO         3453    .text               mc_w.l(uldiv.o)
    0x080001c2   0x080001c2   0x00000024   Code   RO         3455    .text               mc_w.l(memcpya.o)
    0x080001e6   0x080001e6   0x00000024   Code   RO         3457    .text               mc_w.l(memseta.o)
    0x0800020a   0x0800020a   0x0000014e   Code   RO         3489    .text               mf_w.l(dadd.o)
    0x08000358   0x08000358   0x000000e4   Code   RO         3491    .text               mf_w.l(dmul.o)
    0x0800043c   0x0800043c   0x000000de   Code   RO         3493    .text               mf_w.l(ddiv.o)
    0x0800051a   0x0800051a   0x0000001a   Code   RO         3495    .text               mf_w.l(dfltui.o)
    0x08000534   0x08000534   0x0000002c   Code   RO         3543    .text               mc_w.l(uidiv.o)
    0x08000560   0x08000560   0x0000001e   Code   RO         3545    .text               mc_w.l(llshl.o)
    0x0800057e   0x0800057e   0x00000020   Code   RO         3547    .text               mc_w.l(llushr.o)
    0x0800059e   0x0800059e   0x00000024   Code   RO         3549    .text               mc_w.l(llsshr.o)
    0x080005c2   0x080005c2   0x00000000   Code   RO         3558    .text               mc_w.l(iusefp.o)
    0x080005c2   0x080005c2   0x000000ba   Code   RO         3559    .text               mf_w.l(depilogue.o)
    0x0800067c   0x0800067c   0x0000002e   Code   RO         3561    .text               mf_w.l(dscalb.o)
    0x080006aa   0x080006aa   0x00000022   Code   RO         3563    .text               mf_w.l(dflti.o)
    0x080006cc   0x080006cc   0x00000030   Code   RO         3565    .text               mf_w.l(dfixul.o)
    0x080006fc   0x080006fc   0x00000030   Code   RO         3567    .text               mf_w.l(cdrcmple.o)
    0x0800072c   0x0800072c   0x00000024   Code   RO         3569    .text               mc_w.l(init.o)
    0x08000750   0x08000750   0x000000a2   Code   RO         3573    .text               mf_w.l(dsqrt.o)
    0x080007f2   0x080007f2   0x00000056   Code   RO         3585    .text               mc_w.l(__dczerorl2.o)
    0x08000848   0x08000848   0x00000004   Code   RO          258    i.BusFault_Handler  stm32l1xx_it.o
    0x0800084c   0x0800084c   0x00000044   Code   RO          489    i.CDC_Control_FS    usbd_cdc_if.o
    0x08000890   0x08000890   0x00000004   Code   RO          490    i.CDC_DeInit_FS     usbd_cdc_if.o
    0x08000894   0x08000894   0x00000024   Code   RO          491    i.CDC_Init_FS       usbd_cdc_if.o
    0x080008b8   0x080008b8   0x0000001c   Code   RO          492    i.CDC_Receive_FS    usbd_cdc_if.o
    0x080008d4   0x080008d4   0x00000038   Code   RO          493    i.CDC_Transmit_FS   usbd_cdc_if.o
    0x0800090c   0x0800090c   0x00000002   Code   RO          259    i.DebugMon_Handler  stm32l1xx_it.o
    0x0800090e   0x0800090e   0x00000006   Code   RO           13    i.Error_Handler     main.o
    0x08000914   0x08000914   0x00000038   Code   RO          399    i.Get_SerialNum     usbd_desc.o
    0x0800094c   0x0800094c   0x00000028   Code   RO         1182    i.HAL_Delay         stm32l1xx_hal.o
    0x08000974   0x08000974   0x000001c4   Code   RO         1880    i.HAL_GPIO_Init     stm32l1xx_hal_gpio.o
    0x08000b38   0x08000b38   0x0000000c   Code   RO         1186    i.HAL_GetTick       stm32l1xx_hal.o
    0x08000b44   0x08000b44   0x000001d0   Code   RO         2441    i.HAL_I2C_Init      stm32l1xx_hal_i2c.o
    0x08000d14   0x08000d14   0x000002f8   Code   RO         2447    i.HAL_I2C_Master_Receive  stm32l1xx_hal_i2c.o
    0x0800100c   0x0800100c   0x000002f4   Code   RO         2459    i.HAL_I2C_Mem_Read  stm32l1xx_hal_i2c.o
    0x08001300   0x08001300   0x00000164   Code   RO         2462    i.HAL_I2C_Mem_Write  stm32l1xx_hal_i2c.o
    0x08001464   0x08001464   0x00000080   Code   RO          217    i.HAL_I2C_MspInit   i2c.o
    0x080014e4   0x080014e4   0x00000018   Code   RO         1192    i.HAL_IncTick       stm32l1xx_hal.o
    0x080014fc   0x080014fc   0x0000001e   Code   RO         1193    i.HAL_Init          stm32l1xx_hal.o
    0x0800151a   0x0800151a   0x00000002   PAD
    0x0800151c   0x0800151c   0x00000058   Code   RO         1194    i.HAL_InitTick      stm32l1xx_hal.o
    0x08001574   0x08001574   0x0000005c   Code   RO          340    i.HAL_MspInit       stm32l1xx_hal_msp.o
    0x080015d0   0x080015d0   0x00000020   Code   RO         2223    i.HAL_NVIC_EnableIRQ  stm32l1xx_hal_cortex.o
    0x080015f0   0x080015f0   0x0000007c   Code   RO         2229    i.HAL_NVIC_SetPriority  stm32l1xx_hal_cortex.o
    0x0800166c   0x0800166c   0x00000028   Code   RO         2230    i.HAL_NVIC_SetPriorityGrouping  stm32l1xx_hal_cortex.o
    0x08001694   0x08001694   0x00000044   Code   RO         1003    i.HAL_PCDEx_PMAConfig  stm32l1xx_hal_pcd_ex.o
    0x080016d8   0x080016d8   0x00000024   Code   RO          554    i.HAL_PCDEx_SetConnectionState  usbd_conf.o
    0x080016fc   0x080016fc   0x00000020   Code   RO          556    i.HAL_PCD_DataInStageCallback  usbd_conf.o
    0x0800171c   0x0800171c   0x00000020   Code   RO          557    i.HAL_PCD_DataOutStageCallback  usbd_conf.o
    0x0800173c   0x0800173c   0x0000006a   Code   RO          779    i.HAL_PCD_EP_Close  stm32l1xx_hal_pcd.o
    0x080017a6   0x080017a6   0x0000007c   Code   RO          780    i.HAL_PCD_EP_ClrStall  stm32l1xx_hal_pcd.o
    0x08001822   0x08001822   0x00000158   Code   RO          781    i.HAL_PCD_EP_DB_Receive  stm32l1xx_hal_pcd.o
    0x0800197a   0x0800197a   0x00000528   Code   RO          782    i.HAL_PCD_EP_DB_Transmit  stm32l1xx_hal_pcd.o
    0x08001ea2   0x08001ea2   0x00000016   Code   RO          784    i.HAL_PCD_EP_GetRxCount  stm32l1xx_hal_pcd.o
    0x08001eb8   0x08001eb8   0x0000008c   Code   RO          785    i.HAL_PCD_EP_Open   stm32l1xx_hal_pcd.o
    0x08001f44   0x08001f44   0x0000004c   Code   RO          786    i.HAL_PCD_EP_Receive  stm32l1xx_hal_pcd.o
    0x08001f90   0x08001f90   0x00000078   Code   RO          787    i.HAL_PCD_EP_SetStall  stm32l1xx_hal_pcd.o
    0x08002008   0x08002008   0x00000056   Code   RO          788    i.HAL_PCD_EP_Transmit  stm32l1xx_hal_pcd.o
    0x0800205e   0x0800205e   0x0000016e   Code   RO          790    i.HAL_PCD_IRQHandler  stm32l1xx_hal_pcd.o
    0x080021cc   0x080021cc   0x0000011e   Code   RO          793    i.HAL_PCD_Init      stm32l1xx_hal_pcd.o
    0x080022ea   0x080022ea   0x00000002   PAD
    0x080022ec   0x080022ec   0x00000044   Code   RO          562    i.HAL_PCD_MspInit   usbd_conf.o
    0x08002330   0x08002330   0x00000024   Code   RO          563    i.HAL_PCD_ResetCallback  usbd_conf.o
    0x08002354   0x08002354   0x0000000e   Code   RO          564    i.HAL_PCD_ResumeCallback  usbd_conf.o
    0x08002362   0x08002362   0x0000000e   Code   RO          565    i.HAL_PCD_SOFCallback  usbd_conf.o
    0x08002370   0x08002370   0x00000036   Code   RO          799    i.HAL_PCD_SetAddress  stm32l1xx_hal_pcd.o
    0x080023a6   0x080023a6   0x00000012   Code   RO          566    i.HAL_PCD_SetupStageCallback  usbd_conf.o
    0x080023b8   0x080023b8   0x0000003c   Code   RO          801    i.HAL_PCD_Start     stm32l1xx_hal_pcd.o
    0x080023f4   0x080023f4   0x00000024   Code   RO          567    i.HAL_PCD_SuspendCallback  usbd_conf.o
    0x08002418   0x08002418   0x00000220   Code   RO         1350    i.HAL_RCC_ClockConfig  stm32l1xx_hal_rcc.o
    0x08002638   0x08002638   0x0000000c   Code   RO         1355    i.HAL_RCC_GetHCLKFreq  stm32l1xx_hal_rcc.o
    0x08002644   0x08002644   0x00000020   Code   RO         1357    i.HAL_RCC_GetPCLK1Freq  stm32l1xx_hal_rcc.o
    0x08002664   0x08002664   0x000000a0   Code   RO         1359    i.HAL_RCC_GetSysClockFreq  stm32l1xx_hal_rcc.o
    0x08002704   0x08002704   0x000005d0   Code   RO         1362    i.HAL_RCC_OscConfig  stm32l1xx_hal_rcc.o
    0x08002cd4   0x08002cd4   0x00000034   Code   RO         2234    i.HAL_SYSTICK_Config  stm32l1xx_hal_cortex.o
    0x08002d08   0x08002d08   0x00000004   Code   RO          260    i.HardFault_Handler  stm32l1xx_it.o
    0x08002d0c   0x08002d0c   0x0000003e   Code   RO         2484    i.I2C_IsAcknowledgeFailed  stm32l1xx_hal_i2c.o
    0x08002d4a   0x08002d4a   0x00000002   PAD
    0x08002d4c   0x08002d4c   0x00000138   Code   RO         2487    i.I2C_MasterRequestRead  stm32l1xx_hal_i2c.o
    0x08002e84   0x08002e84   0x00000160   Code   RO         2495    i.I2C_RequestMemoryRead  stm32l1xx_hal_i2c.o
    0x08002fe4   0x08002fe4   0x000000e0   Code   RO         2496    i.I2C_RequestMemoryWrite  stm32l1xx_hal_i2c.o
    0x080030c4   0x080030c4   0x0000005c   Code   RO         2504    i.I2C_WaitOnBTFFlagUntilTimeout  stm32l1xx_hal_i2c.o
    0x08003120   0x08003120   0x00000086   Code   RO         2505    i.I2C_WaitOnFlagUntilTimeout  stm32l1xx_hal_i2c.o
    0x080031a6   0x080031a6   0x000000c4   Code   RO         2506    i.I2C_WaitOnMasterAddressFlagUntilTimeout  stm32l1xx_hal_i2c.o
    0x0800326a   0x0800326a   0x00000080   Code   RO         2507    i.I2C_WaitOnRXNEFlagUntilTimeout  stm32l1xx_hal_i2c.o
    0x080032ea   0x080032ea   0x0000005c   Code   RO         2510    i.I2C_WaitOnTXEFlagUntilTimeout  stm32l1xx_hal_i2c.o
    0x08003346   0x08003346   0x0000003e   Code   RO          400    i.IntToUnicode      usbd_desc.o
    0x08003384   0x08003384   0x00000074   Code   RO          192    i.MX_GPIO_Init      gpio.o
    0x080033f8   0x080033f8   0x0000003c   Code   RO          218    i.MX_I2C1_Init      i2c.o
    0x08003434   0x08003434   0x0000004c   Code   RO          364    i.MX_USB_DEVICE_Init  usb_device.o
    0x08003480   0x08003480   0x00000004   Code   RO          261    i.MemManage_Handler  stm32l1xx_it.o
    0x08003484   0x08003484   0x00000004   Code   RO          262    i.NMI_Handler       stm32l1xx_it.o
    0x08003488   0x08003488   0x000003f2   Code   RO          805    i.PCD_EP_ISR_Handler  stm32l1xx_hal_pcd.o
    0x0800387a   0x0800387a   0x00000002   Code   RO          263    i.PendSV_Handler    stm32l1xx_it.o
    0x0800387c   0x0800387c   0x000000a8   Code   RO         1363    i.RCC_SetFlashLatencyFromMSIRange  stm32l1xx_hal_rcc.o
    0x08003924   0x08003924   0x00000002   Code   RO          264    i.SVC_Handler       stm32l1xx_it.o
    0x08003926   0x08003926   0x00000008   Code   RO          265    i.SysTick_Handler   stm32l1xx_it.o
    0x0800392e   0x0800392e   0x00000002   PAD
    0x08003930   0x08003930   0x0000006c   Code   RO           14    i.SystemClock_Config  main.o
    0x0800399c   0x0800399c   0x00000002   Code   RO         2939    i.SystemInit        system_stm32l1xx.o
    0x0800399e   0x0800399e   0x0000007c   Code   RO         3280    i.USBD_CDC_DataIn   usbd_cdc.o
    0x08003a1a   0x08003a1a   0x00000034   Code   RO         3281    i.USBD_CDC_DataOut  usbd_cdc.o
    0x08003a4e   0x08003a4e   0x0000004e   Code   RO         3282    i.USBD_CDC_DeInit   usbd_cdc.o
    0x08003a9c   0x08003a9c   0x00000032   Code   RO         3283    i.USBD_CDC_EP0_RxReady  usbd_cdc.o
    0x08003ace   0x08003ace   0x00000002   PAD
    0x08003ad0   0x08003ad0   0x00000010   Code   RO         3284    i.USBD_CDC_GetDeviceQualifierDescriptor  usbd_cdc.o
    0x08003ae0   0x08003ae0   0x00000010   Code   RO         3285    i.USBD_CDC_GetFSCfgDesc  usbd_cdc.o
    0x08003af0   0x08003af0   0x00000010   Code   RO         3286    i.USBD_CDC_GetHSCfgDesc  usbd_cdc.o
    0x08003b00   0x08003b00   0x00000010   Code   RO         3287    i.USBD_CDC_GetOtherSpeedCfgDesc  usbd_cdc.o
    0x08003b10   0x08003b10   0x000000b8   Code   RO         3288    i.USBD_CDC_Init     usbd_cdc.o
    0x08003bc8   0x08003bc8   0x0000003a   Code   RO         3289    i.USBD_CDC_ReceivePacket  usbd_cdc.o
    0x08003c02   0x08003c02   0x0000000e   Code   RO         3290    i.USBD_CDC_RegisterInterface  usbd_cdc.o
    0x08003c10   0x08003c10   0x0000000e   Code   RO         3291    i.USBD_CDC_SetRxBuffer  usbd_cdc.o
    0x08003c1e   0x08003c1e   0x00000014   Code   RO         3292    i.USBD_CDC_SetTxBuffer  usbd_cdc.o
    0x08003c32   0x08003c32   0x000000f4   Code   RO         3293    i.USBD_CDC_Setup    usbd_cdc.o
    0x08003d26   0x08003d26   0x0000003e   Code   RO         3294    i.USBD_CDC_TransmitPacket  usbd_cdc.o
    0x08003d64   0x08003d64   0x00000016   Code   RO         2975    i.USBD_ClrClassConfig  usbd_core.o
    0x08003d7a   0x08003d7a   0x0000003e   Code   RO         3117    i.USBD_ClrFeature   usbd_ctlreq.o
    0x08003db8   0x08003db8   0x00000018   Code   RO         3216    i.USBD_CtlContinueRx  usbd_ioreq.o
    0x08003dd0   0x08003dd0   0x00000018   Code   RO         3217    i.USBD_CtlContinueSendData  usbd_ioreq.o
    0x08003de8   0x08003de8   0x00000018   Code   RO         3118    i.USBD_CtlError     usbd_ctlreq.o
    0x08003e00   0x08003e00   0x00000028   Code   RO         3218    i.USBD_CtlPrepareRx  usbd_ioreq.o
    0x08003e28   0x08003e28   0x0000001a   Code   RO         3219    i.USBD_CtlReceiveStatus  usbd_ioreq.o
    0x08003e42   0x08003e42   0x00000022   Code   RO         3220    i.USBD_CtlSendData  usbd_ioreq.o
    0x08003e64   0x08003e64   0x0000001a   Code   RO         3221    i.USBD_CtlSendStatus  usbd_ioreq.o
    0x08003e7e   0x08003e7e   0x00000002   PAD
    0x08003e80   0x08003e80   0x00000034   Code   RO          401    i.USBD_FS_ConfigStrDescriptor  usbd_desc.o
    0x08003eb4   0x08003eb4   0x00000010   Code   RO          402    i.USBD_FS_DeviceDescriptor  usbd_desc.o
    0x08003ec4   0x08003ec4   0x00000038   Code   RO          403    i.USBD_FS_InterfaceStrDescriptor  usbd_desc.o
    0x08003efc   0x08003efc   0x00000010   Code   RO          404    i.USBD_FS_LangIDStrDescriptor  usbd_desc.o
    0x08003f0c   0x08003f0c   0x0000002c   Code   RO          405    i.USBD_FS_ManufacturerStrDescriptor  usbd_desc.o
    0x08003f38   0x08003f38   0x00000040   Code   RO          406    i.USBD_FS_ProductStrDescriptor  usbd_desc.o
    0x08003f78   0x08003f78   0x00000018   Code   RO          407    i.USBD_FS_SerialStrDescriptor  usbd_desc.o
    0x08003f90   0x08003f90   0x00000056   Code   RO         3119    i.USBD_GetConfig    usbd_ctlreq.o
    0x08003fe6   0x08003fe6   0x00000152   Code   RO         3120    i.USBD_GetDescriptor  usbd_ctlreq.o
    0x08004138   0x08004138   0x00000014   Code   RO         3121    i.USBD_GetLen       usbd_ctlreq.o
    0x0800414c   0x0800414c   0x0000005a   Code   RO         3122    i.USBD_GetStatus    usbd_ctlreq.o
    0x080041a6   0x080041a6   0x00000052   Code   RO         3123    i.USBD_GetString    usbd_ctlreq.o
    0x080041f8   0x080041f8   0x0000002c   Code   RO          568    i.USBD_Get_USB_Status  usbd_conf.o
    0x08004224   0x08004224   0x00000032   Code   RO         2977    i.USBD_Init         usbd_core.o
    0x08004256   0x08004256   0x00000026   Code   RO          569    i.USBD_LL_ClearStallEP  usbd_conf.o
    0x0800427c   0x0800427c   0x00000026   Code   RO          570    i.USBD_LL_CloseEP   usbd_conf.o
    0x080042a2   0x080042a2   0x00000100   Code   RO         2978    i.USBD_LL_DataInStage  usbd_core.o
    0x080043a2   0x080043a2   0x000000a6   Code   RO         2979    i.USBD_LL_DataOutStage  usbd_core.o
    0x08004448   0x08004448   0x00000012   Code   RO          574    i.USBD_LL_GetRxDataSize  usbd_conf.o
    0x0800445a   0x0800445a   0x00000002   PAD
    0x0800445c   0x0800445c   0x00000084   Code   RO          575    i.USBD_LL_Init      usbd_conf.o
    0x080044e0   0x080044e0   0x00000038   Code   RO          576    i.USBD_LL_IsStallEP  usbd_conf.o
    0x08004518   0x08004518   0x00000030   Code   RO          577    i.USBD_LL_OpenEP    usbd_conf.o
    0x08004548   0x08004548   0x00000030   Code   RO          578    i.USBD_LL_PrepareReceive  usbd_conf.o
    0x08004578   0x08004578   0x0000005c   Code   RO         2984    i.USBD_LL_Reset     usbd_core.o
    0x080045d4   0x080045d4   0x0000000e   Code   RO         2985    i.USBD_LL_Resume    usbd_core.o
    0x080045e2   0x080045e2   0x00000022   Code   RO         2986    i.USBD_LL_SOF       usbd_core.o
    0x08004604   0x08004604   0x00000008   Code   RO         2987    i.USBD_LL_SetSpeed  usbd_core.o
    0x0800460c   0x0800460c   0x00000026   Code   RO          579    i.USBD_LL_SetUSBAddress  usbd_conf.o
    0x08004632   0x08004632   0x0000006e   Code   RO         2988    i.USBD_LL_SetupStage  usbd_core.o
    0x080046a0   0x080046a0   0x00000026   Code   RO          580    i.USBD_LL_StallEP   usbd_conf.o
    0x080046c6   0x080046c6   0x0000001e   Code   RO          581    i.USBD_LL_Start     usbd_conf.o
    0x080046e4   0x080046e4   0x00000014   Code   RO         2989    i.USBD_LL_Suspend   usbd_core.o
    0x080046f8   0x080046f8   0x00000030   Code   RO          583    i.USBD_LL_Transmit  usbd_conf.o
    0x08004728   0x08004728   0x00000028   Code   RO         3124    i.USBD_ParseSetupRequest  usbd_ctlreq.o
    0x08004750   0x08004750   0x00000010   Code   RO         2990    i.USBD_RegisterClass  usbd_core.o
    0x08004760   0x08004760   0x00000006   Code   RO         2991    i.USBD_RunTestMode  usbd_core.o
    0x08004766   0x08004766   0x0000005a   Code   RO         3125    i.USBD_SetAddress   usbd_ctlreq.o
    0x080047c0   0x080047c0   0x00000022   Code   RO         2992    i.USBD_SetClassConfig  usbd_core.o
    0x080047e2   0x080047e2   0x00000002   PAD
    0x080047e4   0x080047e4   0x000000e8   Code   RO         3126    i.USBD_SetConfig    usbd_ctlreq.o
    0x080048cc   0x080048cc   0x00000018   Code   RO         3127    i.USBD_SetFeature   usbd_ctlreq.o
    0x080048e4   0x080048e4   0x0000000e   Code   RO         2993    i.USBD_Start        usbd_core.o
    0x080048f2   0x080048f2   0x000000a2   Code   RO         3128    i.USBD_StdDevReq    usbd_ctlreq.o
    0x08004994   0x08004994   0x00000238   Code   RO         3129    i.USBD_StdEPReq     usbd_ctlreq.o
    0x08004bcc   0x08004bcc   0x0000007e   Code   RO         3130    i.USBD_StdItfReq    usbd_ctlreq.o
    0x08004c4a   0x08004c4a   0x00000002   Code   RO          584    i.USBD_static_free  usbd_conf.o
    0x08004c4c   0x08004c4c   0x0000000c   Code   RO          585    i.USBD_static_malloc  usbd_conf.o
    0x08004c58   0x08004c58   0x0000044c   Code   RO         1043    i.USB_ActivateEndpoint  stm32l1xx_ll_usb.o
    0x080050a4   0x080050a4   0x0000027c   Code   RO         1047    i.USB_DeactivateEndpoint  stm32l1xx_ll_usb.o
    0x08005320   0x08005320   0x00000006   Code   RO         1048    i.USB_DevConnect    stm32l1xx_ll_usb.o
    0x08005326   0x08005326   0x00000016   Code   RO         1050    i.USB_DevInit       stm32l1xx_ll_usb.o
    0x0800533c   0x0800533c   0x00000014   Code   RO         1051    i.USB_DisableGlobalInt  stm32l1xx_ll_usb.o
    0x08005350   0x08005350   0x000000da   Code   RO         1052    i.USB_EPClearStall  stm32l1xx_ll_usb.o
    0x0800542a   0x0800542a   0x0000005c   Code   RO         1053    i.USB_EPSetStall    stm32l1xx_ll_usb.o
    0x08005486   0x08005486   0x00000b8a   Code   RO         1054    i.USB_EPStartXfer   stm32l1xx_ll_usb.o
    0x08006010   0x08006010   0x00000012   Code   RO         1055    i.USB_EnableGlobalInt  stm32l1xx_ll_usb.o
    0x08006022   0x08006022   0x00000002   PAD
    0x08006024   0x08006024   0x00000010   Code   RO          266    i.USB_LP_IRQHandler  stm32l1xx_it.o
    0x08006034   0x08006034   0x00000008   Code   RO         1056    i.USB_ReadInterrupts  stm32l1xx_ll_usb.o
    0x0800603c   0x0800603c   0x0000004a   Code   RO         1057    i.USB_ReadPMA       stm32l1xx_ll_usb.o
    0x08006086   0x08006086   0x0000000e   Code   RO         1059    i.USB_SetDevAddress  stm32l1xx_ll_usb.o
    0x08006094   0x08006094   0x00000042   Code   RO         1061    i.USB_WritePMA      stm32l1xx_ll_usb.o
    0x080060d6   0x080060d6   0x00000004   Code   RO          267    i.UsageFault_Handler  stm32l1xx_it.o
    0x080060da   0x080060da   0x00000002   PAD
    0x080060dc   0x080060dc   0x00000034   Code   RO         3467    i.__0vsnprintf      mc_w.l(printfa.o)
    0x08006110   0x08006110   0x00000028   Code   RO         3511    i.__ARM_fpclassify  m_ws.l(fpclassify.o)
    0x08006138   0x08006138   0x00000010   Code   RO         2236    i.__NVIC_GetPriorityGrouping  stm32l1xx_hal_cortex.o
    0x08006148   0x08006148   0x00000028   Code   RO         2237    i.__NVIC_SetPriority  stm32l1xx_hal_cortex.o
    0x08006170   0x08006170   0x000000aa   Code   RO         3513    i.__kernel_poly     m_ws.l(poly.o)
    0x0800621a   0x0800621a   0x00000002   PAD
    0x0800621c   0x0800621c   0x00000010   Code   RO         3497    i.__mathlib_dbl_divzero  m_ws.l(dunder.o)
    0x0800622c   0x0800622c   0x00000004   Code   RO         3499    i.__mathlib_dbl_infnan2  m_ws.l(dunder.o)
    0x08006230   0x08006230   0x0000000c   Code   RO         3500    i.__mathlib_dbl_invalid  m_ws.l(dunder.o)
    0x0800623c   0x0800623c   0x0000000e   Code   RO         3501    i.__mathlib_dbl_overflow  m_ws.l(dunder.o)
    0x0800624a   0x0800624a   0x00000002   PAD
    0x0800624c   0x0800624c   0x00000010   Code   RO         3503    i.__mathlib_dbl_underflow  m_ws.l(dunder.o)
    0x0800625c   0x0800625c   0x0000000e   Code   RO         3579    i.__scatterload_copy  mc_w.l(handlers.o)
    0x0800626a   0x0800626a   0x00000002   Code   RO         3580    i.__scatterload_null  mc_w.l(handlers.o)
    0x0800626c   0x0800626c   0x0000000e   Code   RO         3581    i.__scatterload_zeroinit  mc_w.l(handlers.o)
    0x0800627a   0x0800627a   0x00000002   PAD
    0x0800627c   0x0800627c   0x0000000c   Code   RO         3553    i.__set_errno       mc_w.l(errno.o)
    0x08006288   0x08006288   0x00000184   Code   RO         3469    i._fp_digits        mc_w.l(printfa.o)
    0x0800640c   0x0800640c   0x000006b4   Code   RO         3470    i._printf_core      mc_w.l(printfa.o)
    0x08006ac0   0x08006ac0   0x00000024   Code   RO         3471    i._printf_post_padding  mc_w.l(printfa.o)
    0x08006ae4   0x08006ae4   0x0000002e   Code   RO         3472    i._printf_pre_padding  mc_w.l(printfa.o)
    0x08006b12   0x08006b12   0x00000016   Code   RO         3473    i._snputc           mc_w.l(printfa.o)
    0x08006b28   0x08006b28   0x00000062   Code   RO         3389    i.hdc1080_init      hdc1080.o
    0x08006b8a   0x08006b8a   0x0000001e   Code   RO         3390    i.hdc1080_read_manufacturer_id  hdc1080.o
    0x08006ba8   0x08006ba8   0x0000008c   Code   RO         3391    i.hdc1080_read_temperature  hdc1080.o
    0x08006c34   0x08006c34   0x0000006c   Code   RO           15    i.main              main.o
    0x08006ca0   0x08006ca0   0x000009d8   Code   RO         3441    i.pow               m_ws.l(pow.o)
    0x08007678   0x08007678   0x0000004c   Code   RO         3392    i.readRegister      hdc1080.o
    0x080076c4   0x080076c4   0x0000004c   Code   RO         3517    i.sqrt              m_ws.l(sqrt.o)
    0x08007710   0x08007710   0x00000030   Code   RO          494    i.usb_printf        usbd_cdc_if.o
    0x08007740   0x08007740   0x0000004c   Code   RO         3393    i.writeRegister     hdc1080.o
    0x0800778c   0x0800778c   0x00000021   Data   RO         2940    .constdata          system_stm32l1xx.o
    0x080077ad   0x080077ad   0x00000003   PAD
    0x080077b0   0x080077b0   0x00000088   Data   RO         3442    .constdata          m_ws.l(pow.o)
    0x08007838   0x08007838   0x00000008   Data   RO         3515    .constdata          m_ws.l(qnan.o)
    0x08007840   0x08007840   0x00000020   Data   RO         3577    Region$$Table       anon$$obj.o


    Execution Region RW_IRAM1 (Exec base: 0x20000000, Load base: 0x08007860, Size: 0x00001b58, Max: 0x00008000, ABSOLUTE, COMPRESSED[0x000000c4])

    Exec Addr    Load Addr    Size         Type   Attr      Idx    E Section Name        Object

    0x20000000   COMPRESSED   0x0000004e   Data   RW          409    .data               usbd_desc.o
    0x2000004e   COMPRESSED   0x00000002   PAD
    0x20000050   COMPRESSED   0x00000010   Data   RW          496    .data               usbd_cdc_if.o
    0x20000060   COMPRESSED   0x0000000c   Data   RW         1200    .data               stm32l1xx_hal.o
    0x2000006c   COMPRESSED   0x00000004   Data   RW         2941    .data               system_stm32l1xx.o
    0x20000070   COMPRESSED   0x00000001   Data   RW         3131    .data               usbd_ctlreq.o
    0x20000071   COMPRESSED   0x00000003   PAD
    0x20000074   COMPRESSED   0x0000010f   Data   RW         3295    .data               usbd_cdc.o
    0x20000183   COMPRESSED   0x00000001   PAD
    0x20000184   COMPRESSED   0x00000004   Data   RW         3554    .data               mc_w.l(errno.o)
    0x20000188        -       0x00000054   Zero   RW          219    .bss                i2c.o
    0x200001dc        -       0x0000029c   Zero   RW          365    .bss                usb_device.o
    0x20000478        -       0x00000200   Zero   RW          408    .bss                usbd_desc.o
    0x20000678        -       0x000007d0   Zero   RW          495    .bss                usbd_cdc_if.o
    0x20000e48        -       0x0000050c   Zero   RW          586    .bss                usbd_conf.o
    0x20001354   COMPRESSED   0x00000004   PAD
    0x20001358        -       0x00000800   Zero   RW            1    STACK               startup_stm32l151xc.o


==============================================================================

Image component sizes


      Code (inc. data)   RO Data    RW Data    ZI Data      Debug   Object Name

       116          6          0          0          0        919   gpio.o
       420         74          0          0          0       3401   hdc1080.o
       188         26          0          0         84       1613   i2c.o
       222         38          0          0          0     374695   main.o
        36          8        292          0       2048        772   startup_stm32l151xc.o
       194         32          0         12          0       3761   stm32l1xx_hal.o
       304         22          0          0          0      30903   stm32l1xx_hal_cortex.o
       452         34          0          0          0       1436   stm32l1xx_hal_gpio.o
      3928         62          0          0          0      13431   stm32l1xx_hal_i2c.o
        92          4          0          0          0        934   stm32l1xx_hal_msp.o
      4114          0          0          0          0      14037   stm32l1xx_hal_pcd.o
        68          0          0          0          0       1234   stm32l1xx_hal_pcd_ex.o
      2404        102          0          0          0       6029   stm32l1xx_hal_rcc.o
        50          6          0          0          0       4082   stm32l1xx_it.o
      5228          0          0          0          0      16836   stm32l1xx_ll_usb.o
         2          0         33          4          0       1195   system_stm32l1xx.o
        76         16          0          0        668        700   usb_device.o
       964         24          0        271          0      12610   usbd_cdc.o
       240         28          0         16       2000       4633   usbd_cdc_if.o
       876         34          0          0       1292      14201   usbd_conf.o
       842          0          0          0          0       9579   usbd_core.o
      1944         28          0          1          0      10292   usbd_ctlreq.o
       390        120          0         78        512       6389   usbd_desc.o
       174          0          0          0          0       4440   usbd_ioreq.o

    ----------------------------------------------------------------------
     23344        664        360        388       6608     538122   Object Totals
         0          0         32          0          0          0   (incl. Generated)
        20          0          3          6          4          0   (incl. Padding)

    ----------------------------------------------------------------------

      Code (inc. data)   RO Data    RW Data    ZI Data      Debug   Library Member Name

        62         10          0          0          0        340   dunder.o
        40          0          0          0          0         68   fpclassify.o
       170          0          0          0          0         96   poly.o
      2520        190        136          0          0        324   pow.o
         0          0          8          0          0          0   qnan.o
        76          0          0          0          0         84   sqrt.o
        86          0          0          0          0          0   __dczerorl2.o
         0          0          0          0          0          0   entry.o
         0          0          0          0          0          0   entry10a.o
         0          0          0          0          0          0   entry11a.o
         4          0          0          0          0          0   entry12b.o
         8          4          0          0          0          0   entry2.o
         4          0          0          0          0          0   entry5.o
         0          0          0          0          0          0   entry7b.o
         0          0          0          0          0          0   entry8b.o
         8          4          0          0          0          0   entry9a.o
        12          6          0          4          0         68   errno.o
        30          0          0          0          0          0   handlers.o
        36          8          0          0          0         68   init.o
         0          0          0          0          0          0   iusefp.o
        30          0          0          0          0         68   llshl.o
        36          0          0          0          0         68   llsshr.o
        32          0          0          0          0         68   llushr.o
        36          0          0          0          0         68   memcpya.o
        36          0          0          0          0        108   memseta.o
      2260         86          0          0          0        528   printfa.o
        44          0          0          0          0         80   uidiv.o
        98          0          0          0          0         92   uldiv.o
        48          0          0          0          0         68   cdrcmple.o
       334          0          0          0          0        148   dadd.o
       222          0          0          0          0        100   ddiv.o
       186          0          0          0          0        176   depilogue.o
        48          0          0          0          0         68   dfixul.o
        34          0          0          0          0         76   dflti.o
        26          0          0          0          0         76   dfltui.o
       228          0          0          0          0         96   dmul.o
        46          0          0          0          0         80   dscalb.o
       162          0          0          0          0        100   dsqrt.o

    ----------------------------------------------------------------------
      6968        308        144          4          0       3116   Library Totals
         6          0          0          0          0          0   (incl. Padding)

    ----------------------------------------------------------------------

      Code (inc. data)   RO Data    RW Data    ZI Data      Debug   Library Name

      2868        200        144          0          0        912   m_ws.l
      2760        108          0          4          0       1216   mc_w.l
      1334          0          0          0          0        988   mf_w.l

    ----------------------------------------------------------------------
      6968        308        144          4          0       3116   Library Totals

    ----------------------------------------------------------------------

==============================================================================


      Code (inc. data)   RO Data    RW Data    ZI Data      Debug   

     30312        972        504        392       6608     531278   Grand Totals
     30312        972        504        196       6608     531278   ELF Image Totals (compressed)
     30312        972        504        196          0          0   ROM Totals

==============================================================================

    Total RO  Size (Code + RO Data)                30816 (  30.09kB)
    Total RW  Size (RW Data + ZI Data)              7000 (   6.84kB)
    Total ROM Size (Code + RO Data + RW Data)      31012 (  30.29kB)

==============================================================================

